../Core/Src/main.c:74:6:delay	16	static
../Core/Src/main.c:81:6:Set_Pin_Output	32	static
../Core/Src/main.c:90:6:Set_Pin_Input	32	static
../Core/Src/main.c:98:6:DHT22_Start	8	static
../Core/Src/main.c:110:9:DHT22_Check_Response	16	static
../Core/Src/main.c:146:9:DHT22_Read	16	static
../Core/Src/main.c:180:5:main	8	static
../Core/Src/main.c:265:6:SystemClock_Config	72	static
../Core/Src/main.c:304:13:MX_I2C1_Init	8	static
../Core/Src/main.c:338:13:MX_TIM1_Init	32	static
../Core/Src/main.c:384:13:MX_USART2_UART_Init	8	static
../Core/Src/main.c:417:13:MX_GPIO_Init	40	static
../Core/Src/main.c:469:6:Error_Handler	4	static,ignoring_inline_asm
