Archive member included to satisfy reference by file (symbol)

C:/ST/STM32CubeIDE_1.19.0/STM32CubeIDE/plugins/com.st.stm32cube.ide.mcu.externaltools.gnu-tools-for-stm32.13.3.rel1.win32_1.0.0.202411081344/tools/bin/../lib/gcc/arm-none-eabi/13.3.1/../../../../arm-none-eabi/lib/thumb/v7-m/nofp\librdimon_nano.a(arm_librdimon_a-syscalls.o)
                              C:/ST/STM32CubeIDE_1.19.0/STM32CubeIDE/plugins/com.st.stm32cube.ide.mcu.externaltools.gnu-tools-for-stm32.13.3.rel1.win32_1.0.0.202411081344/tools/bin/../lib/gcc/arm-none-eabi/13.3.1/../../../../arm-none-eabi/lib/thumb/v7-m/nofp/rdimon-crt0.o (__heap_limit)
C:/ST/STM32CubeIDE_1.19.0/STM32CubeIDE/plugins/com.st.stm32cube.ide.mcu.externaltools.gnu-tools-for-stm32.13.3.rel1.win32_1.0.0.202411081344/tools/bin/../lib/gcc/arm-none-eabi/13.3.1/../../../../arm-none-eabi/lib/thumb/v7-m/nofp\libc_nano.a(libc_a-exit.o)
                              C:/ST/STM32CubeIDE_1.19.0/STM32CubeIDE/plugins/com.st.stm32cube.ide.mcu.externaltools.gnu-tools-for-stm32.13.3.rel1.win32_1.0.0.202411081344/tools/bin/../lib/gcc/arm-none-eabi/13.3.1/../../../../arm-none-eabi/lib/thumb/v7-m/nofp/rdimon-crt0.o (exit)
C:/ST/STM32CubeIDE_1.19.0/STM32CubeIDE/plugins/com.st.stm32cube.ide.mcu.externaltools.gnu-tools-for-stm32.13.3.rel1.win32_1.0.0.202411081344/tools/bin/../lib/gcc/arm-none-eabi/13.3.1/../../../../arm-none-eabi/lib/thumb/v7-m/nofp\libc_nano.a(libc_a-findfp.o)
                              C:/ST/STM32CubeIDE_1.19.0/STM32CubeIDE/plugins/com.st.stm32cube.ide.mcu.externaltools.gnu-tools-for-stm32.13.3.rel1.win32_1.0.0.202411081344/tools/bin/../lib/gcc/arm-none-eabi/13.3.1/../../../../arm-none-eabi/lib/thumb/v7-m/nofp\libc_nano.a(libc_a-exit.o) (__stdio_exit_handler)
C:/ST/STM32CubeIDE_1.19.0/STM32CubeIDE/plugins/com.st.stm32cube.ide.mcu.externaltools.gnu-tools-for-stm32.13.3.rel1.win32_1.0.0.202411081344/tools/bin/../lib/gcc/arm-none-eabi/13.3.1/../../../../arm-none-eabi/lib/thumb/v7-m/nofp\libc_nano.a(libc_a-fwalk.o)
                              C:/ST/STM32CubeIDE_1.19.0/STM32CubeIDE/plugins/com.st.stm32cube.ide.mcu.externaltools.gnu-tools-for-stm32.13.3.rel1.win32_1.0.0.202411081344/tools/bin/../lib/gcc/arm-none-eabi/13.3.1/../../../../arm-none-eabi/lib/thumb/v7-m/nofp\libc_nano.a(libc_a-findfp.o) (_fwalk_sglue)
C:/ST/STM32CubeIDE_1.19.0/STM32CubeIDE/plugins/com.st.stm32cube.ide.mcu.externaltools.gnu-tools-for-stm32.13.3.rel1.win32_1.0.0.202411081344/tools/bin/../lib/gcc/arm-none-eabi/13.3.1/../../../../arm-none-eabi/lib/thumb/v7-m/nofp\libc_nano.a(libc_a-snprintf.o)
                              ./app/src/app.o (snprintf)
C:/ST/STM32CubeIDE_1.19.0/STM32CubeIDE/plugins/com.st.stm32cube.ide.mcu.externaltools.gnu-tools-for-stm32.13.3.rel1.win32_1.0.0.202411081344/tools/bin/../lib/gcc/arm-none-eabi/13.3.1/../../../../arm-none-eabi/lib/thumb/v7-m/nofp\libc_nano.a(libc_a-stdio.o)
                              C:/ST/STM32CubeIDE_1.19.0/STM32CubeIDE/plugins/com.st.stm32cube.ide.mcu.externaltools.gnu-tools-for-stm32.13.3.rel1.win32_1.0.0.202411081344/tools/bin/../lib/gcc/arm-none-eabi/13.3.1/../../../../arm-none-eabi/lib/thumb/v7-m/nofp\libc_nano.a(libc_a-findfp.o) (__sread)
C:/ST/STM32CubeIDE_1.19.0/STM32CubeIDE/plugins/com.st.stm32cube.ide.mcu.externaltools.gnu-tools-for-stm32.13.3.rel1.win32_1.0.0.202411081344/tools/bin/../lib/gcc/arm-none-eabi/13.3.1/../../../../arm-none-eabi/lib/thumb/v7-m/nofp\libc_nano.a(libc_a-memset.o)
                              C:/ST/STM32CubeIDE_1.19.0/STM32CubeIDE/plugins/com.st.stm32cube.ide.mcu.externaltools.gnu-tools-for-stm32.13.3.rel1.win32_1.0.0.202411081344/tools/bin/../lib/gcc/arm-none-eabi/13.3.1/../../../../arm-none-eabi/lib/thumb/v7-m/nofp/rdimon-crt0.o (memset)
C:/ST/STM32CubeIDE_1.19.0/STM32CubeIDE/plugins/com.st.stm32cube.ide.mcu.externaltools.gnu-tools-for-stm32.13.3.rel1.win32_1.0.0.202411081344/tools/bin/../lib/gcc/arm-none-eabi/13.3.1/../../../../arm-none-eabi/lib/thumb/v7-m/nofp\libc_nano.a(libc_a-closer.o)
                              C:/ST/STM32CubeIDE_1.19.0/STM32CubeIDE/plugins/com.st.stm32cube.ide.mcu.externaltools.gnu-tools-for-stm32.13.3.rel1.win32_1.0.0.202411081344/tools/bin/../lib/gcc/arm-none-eabi/13.3.1/../../../../arm-none-eabi/lib/thumb/v7-m/nofp\libc_nano.a(libc_a-stdio.o) (_close_r)
C:/ST/STM32CubeIDE_1.19.0/STM32CubeIDE/plugins/com.st.stm32cube.ide.mcu.externaltools.gnu-tools-for-stm32.13.3.rel1.win32_1.0.0.202411081344/tools/bin/../lib/gcc/arm-none-eabi/13.3.1/../../../../arm-none-eabi/lib/thumb/v7-m/nofp\libc_nano.a(libc_a-reent.o)
                              C:/ST/STM32CubeIDE_1.19.0/STM32CubeIDE/plugins/com.st.stm32cube.ide.mcu.externaltools.gnu-tools-for-stm32.13.3.rel1.win32_1.0.0.202411081344/tools/bin/../lib/gcc/arm-none-eabi/13.3.1/../../../../arm-none-eabi/lib/thumb/v7-m/nofp\libc_nano.a(libc_a-closer.o) (errno)
[...]
Memory Configuration

Name             Origin             Length             Attributes
RAM              0x20000000         0x00005000         xrw
FLASH            0x08000000         0x00020000         xr
*default*        0x00000000         0xffffffff

Linker script and memory map

LOAD C:/ST/STM32CubeIDE_1.19.0/STM32CubeIDE/plugins/com.st.stm32cube.ide.mcu.externaltools.gnu-tools-for-stm32.13.3.rel1.win32_1.0.0.202411081344/tools/bin/../lib/gcc/arm-none-eabi/13.3.1/thumb/v7-m/nofp/crti.o
LOAD C:/ST/STM32CubeIDE_1.19.0/STM32CubeIDE/plugins/com.st.stm32cube.ide.mcu.externaltools.gnu-tools-for-stm32.13.3.rel1.win32_1.0.0.202411081344/tools/bin/../lib/gcc/arm-none-eabi/13.3.1/thumb/v7-m/nofp/crtbegin.o
LOAD C:/ST/STM32CubeIDE_1.19.0/STM32CubeIDE/plugins/com.st.stm32cube.ide.mcu.externaltools.gnu-tools-for-stm32.13.3.rel1.win32_1.0.0.202411081344/tools/bin/../lib/gcc/arm-none-eabi/13.3.1/../../../../arm-none-eabi/lib/thumb/v7-m/nofp/rdimon-crt0.o
LOAD ./Core/Src/main.o
LOAD ./Core/Src/stm32f1xx_hal_msp.o
LOAD ./Core/Src/stm32f1xx_it.o
LOAD ./Core/Src/sysmem.o
LOAD ./Core/Src/system_stm32f1xx.o
LOAD ./Core/Startup/startup_stm32f103rbtx.o
LOAD ./Drivers/STM32F1xx_HAL_Driver/Src/liquidcrystal_i2c.o
LOAD ./Drivers/STM32F1xx_HAL_Driver/Src/stm32f1xx_hal.o
LOAD ./Drivers/STM32F1xx_HAL_Driver/Src/stm32f1xx_hal_cortex.o
LOAD ./Drivers/STM32F1xx_HAL_Driver/Src/stm32f1xx_hal_dma.o
LOAD ./Drivers/STM32F1xx_HAL_Driver/Src/stm32f1xx_hal_exti.o
LOAD ./Drivers/STM32F1xx_HAL_Driver/Src/stm32f1xx_hal_flash.o
LOAD ./Drivers/STM32F1xx_HAL_Driver/Src/stm32f1xx_hal_flash_ex.o
LOAD ./Drivers/STM32F1xx_HAL_Driver/Src/stm32f1xx_hal_gpio.o
LOAD ./Drivers/STM32F1xx_HAL_Driver/Src/stm32f1xx_hal_gpio_ex.o
LOAD ./Drivers/STM32F1xx_HAL_Driver/Src/stm32f1xx_hal_i2c.o
LOAD ./Drivers/STM32F1xx_HAL_Driver/Src/stm32f1xx_hal_pwr.o
LOAD ./Drivers/STM32F1xx_HAL_Driver/Src/stm32f1xx_hal_rcc.o
LOAD ./Drivers/STM32F1xx_HAL_Driver/Src/stm32f1xx_hal_rcc_ex.o
LOAD ./Drivers/STM32F1xx_HAL_Driver/Src/stm32f1xx_hal_rtc.o
LOAD ./Drivers/STM32F1xx_HAL_Driver/Src/stm32f1xx_hal_rtc_ex.o
LOAD ./Drivers/STM32F1xx_HAL_Driver/Src/stm32f1xx_hal_tim.o
LOAD ./Drivers/STM32F1xx_HAL_Driver/Src/stm32f1xx_hal_tim_ex.o
LOAD ./Drivers/STM32F1xx_HAL_Driver/Src/stm32f1xx_hal_uart.o
LOAD ./app/src/app.o
LOAD ./app/src/app_it.o
LOAD ./app/src/logger.o
LOAD ./app/src/systick.o
LOAD ./app/src/task_actuator.o
LOAD ./app/src/task_actuator_interface.o
LOAD ./app/src/task_display.o
LOAD ./app/src/task_display_interface.o
LOAD ./app/src/task_memory.o
LOAD ./app/src/task_sensor.o
LOAD ./app/src/task_system.o
LOAD ./app/src/task_system_interface.o
LOAD C:/ST/STM32CubeIDE_1.19.0/STM32CubeIDE/plugins/com.st.stm32cube.ide.mcu.externaltools.gnu-tools-for-stm32.13.3.rel1.win32_1.0.0.202411081344/tools/bin/../lib/gcc/arm-none-eabi/13.3.1/../../../../arm-none-eabi/lib/thumb/v7-m/nofp\librdimon_nano.a
START GROUP
LOAD C:/ST/STM32CubeIDE_1.19.0/STM32CubeIDE/plugins/com.st.stm32cube.ide.mcu.externaltools.gnu-tools-for-stm32.13.3.rel1.win32_1.0.0.202411081344/tools/bin/../lib/gcc/arm-none-eabi/13.3.1/../../../../arm-none-eabi/lib/thumb/v7-m/nofp\libc_nano.a
LOAD C:/ST/STM32CubeIDE_1.19.0/STM32CubeIDE/plugins/com.st.stm32cube.ide.mcu.externaltools.gnu-tools-for-stm32.13.3.rel1.win32_1.0.0.202411081344/tools/bin/../lib/gcc/arm-none-eabi/13.3.1/../../../../arm-none-eabi/lib/thumb/v7-m/nofp\libm.a
END GROUP
START GROUP
LOAD C:/ST/STM32CubeIDE_1.19.0/STM32CubeIDE/plugins/com.st.stm32cube.ide.mcu.externaltools.gnu-tools-for-stm32.13.3.rel1.win32_1.0.0.202411081344/tools/bin/../lib/gcc/arm-none-eabi/13.3.1/thumb/v7-m/nofp\libgcc.a
LOAD C:/ST/STM32CubeIDE_1.19.0/STM32CubeIDE/plugins/com.st.stm32cube.ide.mcu.externaltools.gnu-tools-for-stm32.13.3.rel1.win32_1.0.0.202411081344/tools/bin/../lib/gcc/arm-none-eabi/13.3.1/../../../../arm-none-eabi/lib/thumb/v7-m/nofp\libc_nano.a
END GROUP
START GROUP
LOAD C:/ST/STM32CubeIDE_1.19.0/STM32CubeIDE/plugins/com.st.stm32cube.ide.mcu.externaltools.gnu-tools-for-stm32.13.3.rel1.win32_1.0.0.202411081344/tools/bin/../lib/gcc/arm-none-eabi/13.3.1/thumb/v7-m/nofp\libgcc.a
LOAD C:/ST/STM32CubeIDE_1.19.0/STM32CubeIDE/plugins/com.st.stm32cube.ide.mcu.externaltools.gnu-tools-for-stm32.13.3.rel1.win32_1.0.0.202411081344/tools/bin/../lib/gcc/arm-none-eabi/13.3.1/../../../../arm-none-eabi/lib/thumb/v7-m/nofp\libc_nano.a
LOAD C:/ST/STM32CubeIDE_1.19.0/STM32CubeIDE/plugins/com.st.stm32cube.ide.mcu.externaltools.gnu-tools-for-stm32.13.3.rel1.win32_1.0.0.202411081344/tools/bin/../lib/gcc/arm-none-eabi/13.3.1/../../../../arm-none-eabi/lib/thumb/v7-m/nofp\libnosys.a
END GROUP
START GROUP
LOAD C:/ST/STM32CubeIDE_1.19.0/STM32CubeIDE/plugins/com.st.stm32cube.ide.mcu.externaltools.gnu-tools-for-stm32.13.3.rel1.win32_1.0.0.202411081344/tools/bin/../lib/gcc/arm-none-eabi/13.3.1/thumb/v7-m/nofp\libgcc.a
LOAD C:/ST/STM32CubeIDE_1.19.0/STM32CubeIDE/plugins/com.st.stm32cube.ide.mcu.externaltools.gnu-tools-for-stm32.13.3.rel1.win32_1.0.0.202411081344/tools/bin/../lib/gcc/arm-none-eabi/13.3.1/../../../../arm-none-eabi/lib/thumb/v7-m/nofp\libc_nano.a
LOAD C:/ST/STM32CubeIDE_1.19.0/STM32CubeIDE/plugins/com.st.stm32cube.ide.mcu.externaltools.gnu-tools-for-stm32.13.3.rel1.win32_1.0.0.202411081344/tools/bin/../lib/gcc/arm-none-eabi/13.3.1/../../../../arm-none-eabi/lib/thumb/v7-m/nofp\librdimon_nano.a
END GROUP
START GROUP
LOAD C:/ST/STM32CubeIDE_1.19.0/STM32CubeIDE/plugins/com.st.stm32cube.ide.mcu.externaltools.gnu-tools-for-stm32.13.3.rel1.win32_1.0.0.202411081344/tools/bin/../lib/gcc/arm-none-eabi/13.3.1/thumb/v7-m/nofp\libgcc.a
LOAD C:/ST/STM32CubeIDE_1.19.0/STM32CubeIDE/plugins/com.st.stm32cube.ide.mcu.externaltools.gnu-tools-for-stm32.13.3.rel1.win32_1.0.0.202411081344/tools/bin/../lib/gcc/arm-none-eabi/13.3.1/../../../../arm-none-eabi/lib/thumb/v7-m/nofp\libc_nano.a
LOAD C:/ST/STM32CubeIDE_1.19.0/STM32CubeIDE/plugins/com.st.stm32cube.ide.mcu.externaltools.gnu-tools-for-stm32.13.3.rel1.win32_1.0.0.202411081344/tools/bin/../lib/gcc/arm-none-eabi/13.3.1/../../../../arm-none-eabi/lib/thumb/v7-m/nofp\librdimon_nano.a
LOAD C:/ST/STM32CubeIDE_1.19.0/STM32CubeIDE/plugins/com.st.stm32cube.ide.mcu.externaltools.gnu-tools-for-stm32.13.3.rel1.win32_1.0.0.202411081344/tools/bin/../lib/gcc/arm-none-eabi/13.3.1/../../../../arm-none-eabi/lib/thumb/v7-m/nofp\libnosys.a
END GROUP
LOAD C:/ST/STM32CubeIDE_1.19.0/STM32CubeIDE/plugins/com.st.stm32cube.ide.mcu.externaltools.gnu-tools-for-stm32.13.3.rel1.win32_1.0.0.202411081344/tools/bin/../lib/gcc/arm-none-eabi/13.3.1/thumb/v7-m/nofp/crtend.o
LOAD C:/ST/STM32CubeIDE_1.19.0/STM32CubeIDE/plugins/com.st.stm32cube.ide.mcu.externaltools.gnu-tools-for-stm32.13.3.rel1.win32_1.0.0.202411081344/tools/bin/../lib/gcc/arm-none-eabi/13.3.1/thumb/v7-m/nofp/crtn.o
                0x20005000                        _estack = (ORIGIN (RAM) + LENGTH (RAM))
                0x00000200                        _Min_Heap_Size = 0x200
                0x00000400                        _Min_Stack_Size = 0x400

.isr_vector     0x08000000      0x10c
                0x08000000                        . = ALIGN (0x4)
 *(.isr_vector)
 .isr_vector    0x08000000      0x10c ./Core/Startup/startup_stm32f103rbtx.o
                0x08000000                g_pfnVectors
                0x0800010c                        . = ALIGN (0x4)

.text           0x0800010c     0x8a90
                0x0800010c                        . = ALIGN (0x4)
 *(.text)
 .text          0x0800010c       0x40 C:/ST/STM32CubeIDE_1.19.0/STM32CubeIDE/plugins/com.st.stm32cube.ide.mcu.externaltools.gnu-tools-for-stm32.13.3.rel1.win32_1.0.0.202411081344/tools/bin/../lib/gcc/arm-none-eabi/13.3.1/thumb/v7-m/nofp/crtbegin.o
 .text          0x0800014c      0x21c C:/ST/STM32CubeIDE_1.19.0/STM32CubeIDE/plugins/com.st.stm32cube.ide.mcu.externaltools.gnu-tools-for-stm32.13.3.rel1.win32_1.0.0.202411081344/tools/bin/../lib/gcc/arm-none-eabi/13.3.1/thumb/v7-m/nofp\libgcc.a(_arm_addsubsf3.o)
                0x0800014c                __aeabi_frsub
                0x08000154                __subsf3
                0x08000154                __aeabi_fsub
                0x08000158                __aeabi_fadd
                0x08000158                __addsf3
                0x080002b8                __aeabi_ui2f
                0x080002b8                __floatunsisf
                0x080002c0                __aeabi_i2f
                0x080002c0                __floatsisf
                0x080002dc                __aeabi_ul2f
                0x080002dc                __floatundisf
                0x080002ec                __aeabi_l2f
                0x080002ec                __floatdisf
 .text          0x08000368      0x2a0 C:/ST/STM32CubeIDE_1.19.0/STM32CubeIDE/plugins/com.st.stm32cube.ide.mcu.externaltools.gnu-tools-for-stm32.13.3.rel1.win32_1.0.0.202411081344/tools/bin/../lib/gcc/arm-none-eabi/13.3.1/thumb/v7-m/nofp\libgcc.a(_arm_muldivsf3.o)
                0x08000368                __mulsf3
                0x08000368                __aeabi_fmul
                0x080004d0                __aeabi_fdiv
                0x080004d0                __divsf3
 .text          0x08000608       0xec C:/ST/STM32CubeIDE_1.19.0/STM32CubeIDE/plugins/com.st.stm32cube.ide.mcu.externaltools.gnu-tools-for-stm32.13.3.rel1.win32_1.0.0.202411081344/tools/bin/../lib/gcc/arm-none-eabi/13.3.1/thumb/v7-m/nofp\libgcc.a(_arm_cmpsf2.o)
                0x08000608                __gesf2
                0x08000608                __gtsf2
                0x08000610                __lesf2
                0x08000610                __ltsf2
                0x08000618                __nesf2
                0x08000618                __eqsf2
                0x08000618                __cmpsf2
                0x08000678                __aeabi_cfrcmple
                0x08000680                __aeabi_cfcmpeq
                0x08000680                __aeabi_cfcmple
                0x08000690                __aeabi_fcmpeq
                0x080006a4                __aeabi_fcmplt
                0x080006b8                __aeabi_fcmple
                0x080006cc                __aeabi_fcmpge
                0x080006e0                __aeabi_fcmpgt
 .text          0x080006f4       0x40 C:/ST/STM32CubeIDE_1.19.0/STM32CubeIDE/plugins/com.st.stm32cube.ide.mcu.externaltools.gnu-tools-for-stm32.13.3.rel1.win32_1.0.0.202411081344/tools/bin/../lib/gcc/arm-none-eabi/13.3.1/thumb/v7-m/nofp\libgcc.a(_arm_fixunssfsi.o)
                0x080006f4                __fixunssfsi
                0x080006f4                __aeabi_f2uiz
 *(.text*)
 .text.main     0x08000734       0x2e ./Core/Src/main.o
                0x08000734                main
 .text.SystemClock_Config
                0x08000762       0xb2 ./Core/Src/main.o
                0x08000762                SystemClock_Config
 .text.MX_I2C1_Init
                0x08000814       0x5c ./Core/Src/main.o
 .text.MX_I2C2_Init
                0x08000870       0x5c ./Core/Src/main.o
 .text.MX_RTC_Init
                0x080008cc       0x94 ./Core/Src/main.o
 .text.MX_TIM2_Init
                0x08000960       0xec ./Core/Src/main.o
 .text.MX_USART2_UART_Init
                0x08000a4c       0x54 ./Core/Src/main.o
 .text.MX_GPIO_Init
                0x08000aa0      0x124 ./Core/Src/main.o
 .text.Error_Handler
                0x08000bc4        0xc ./Core/Src/main.o
                0x08000bc4                Error_Handler
 .text.HAL_MspInit
                0x08000bd0       0x64 ./Core/Src/stm32f1xx_hal_msp.o
                0x08000bd0                HAL_MspInit
 .text.HAL_I2C_MspInit
                0x08000c34       0xf8 ./Core/Src/stm32f1xx_hal_msp.o
                0x08000c34                HAL_I2C_MspInit
 .text.HAL_RTC_MspInit
                0x08000d2c       0x48 ./Core/Src/stm32f1xx_hal_msp.o
                0x08000d2c                HAL_RTC_MspInit
 .text.HAL_TIM_Base_MspInit
                0x08000d74       0x38 ./Core/Src/stm32f1xx_hal_msp.o
                0x08000d74                HAL_TIM_Base_MspInit
 .text.HAL_TIM_MspPostInit
                0x08000dac       0x8c ./Core/Src/stm32f1xx_hal_msp.o
                0x08000dac                HAL_TIM_MspPostInit
 .text.HAL_UART_MspInit
                0x08000e38       0x7c ./Core/Src/stm32f1xx_hal_msp.o
                0x08000e38                HAL_UART_MspInit
 .text.NMI_Handler
                0x08000eb4        0x8 ./Core/Src/stm32f1xx_it.o
                0x08000eb4                NMI_Handler
 .text.HardFault_Handler
                0x08000ebc        0x8 ./Core/Src/stm32f1xx_it.o
                0x08000ebc                HardFault_Handler
 .text.MemManage_Handler
                0x08000ec4        0x8 ./Core/Src/stm32f1xx_it.o
                0x08000ec4                MemManage_Handler
 .text.BusFault_Handler
                0x08000ecc        0x8 ./Core/Src/stm32f1xx_it.o
                0x08000ecc                BusFault_Handler
 .text.UsageFault_Handler
                0x08000ed4        0x8 ./Core/Src/stm32f1xx_it.o
                0x08000ed4                UsageFault_Handler
 .text.SVC_Handler
                0x08000edc        0xc ./Core/Src/stm32f1xx_it.o
                0x08000edc                SVC_Handler
 .text.DebugMon_Handler
                0x08000ee8        0xc ./Core/Src/stm32f1xx_it.o
                0x08000ee8                DebugMon_Handler
 .text.PendSV_Handler
                0x08000ef4        0xc ./Core/Src/stm32f1xx_it.o
                0x08000ef4                PendSV_Handler
 .text.SysTick_Handler
                0x08000f00       0x10 ./Core/Src/stm32f1xx_it.o
                0x08000f00                SysTick_Handler
 .text._sbrk    0x08000f10       0x6c ./Core/Src/sysmem.o
                0x08000f10                _sbrk
 .text.SystemInit
                0x08000f7c        0xc ./Core/Src/system_stm32f1xx.o
                0x08000f7c                SystemInit
 .text.Reset_Handler
                0x08000f88       0x48 ./Core/Startup/startup_stm32f103rbtx.o
                0x08000f88                Reset_Handler
 .text.Default_Handler
                0x08000fd0        0x2 ./Core/Startup/startup_stm32f103rbtx.o
                0x08000fd0                RTC_Alarm_IRQHandler
                0x08000fd0                EXTI2_IRQHandler
                0x08000fd0                TIM1_CC_IRQHandler
                0x08000fd0                PVD_IRQHandler
                0x08000fd0                EXTI3_IRQHandler
                0x08000fd0                EXTI0_IRQHandler
                0x08000fd0                I2C2_EV_IRQHandler
                0x08000fd0                ADC1_2_IRQHandler
                0x08000fd0                SPI1_IRQHandler
                0x08000fd0                TAMPER_IRQHandler
                0x08000fd0                DMA1_Channel4_IRQHandler
                0x08000fd0                USART3_IRQHandler
                0x08000fd0                RTC_IRQHandler
                0x08000fd0                DMA1_Channel7_IRQHandler
                0x08000fd0                CAN1_RX1_IRQHandler
                0x08000fd0                TIM4_IRQHandler
                0x08000fd0                I2C1_EV_IRQHandler
                0x08000fd0                DMA1_Channel6_IRQHandler
                0x08000fd0                TIM3_IRQHandler
                0x08000fd0                RCC_IRQHandler
                0x08000fd0                TIM1_TRG_COM_IRQHandler
                0x08000fd0                DMA1_Channel1_IRQHandler
                0x08000fd0                Default_Handler
                0x08000fd0                EXTI15_10_IRQHandler
                0x08000fd0                EXTI9_5_IRQHandler
                0x08000fd0                SPI2_IRQHandler
                0x08000fd0                DMA1_Channel5_IRQHandler
                0x08000fd0                EXTI4_IRQHandler
                0x08000fd0                USB_LP_CAN1_RX0_IRQHandler
                0x08000fd0                USB_HP_CAN1_TX_IRQHandler
                0x08000fd0                DMA1_Channel3_IRQHandler
                0x08000fd0                TIM1_UP_IRQHandler
                0x08000fd0                WWDG_IRQHandler
                0x08000fd0                TIM2_IRQHandler
                0x08000fd0                TIM1_BRK_IRQHandler
                0x08000fd0                EXTI1_IRQHandler
                0x08000fd0                USART2_IRQHandler
                0x08000fd0                I2C2_ER_IRQHandler
                0x08000fd0                DMA1_Channel2_IRQHandler
                0x08000fd0                CAN1_SCE_IRQHandler
                0x08000fd0                FLASH_IRQHandler
                0x08000fd0                USART1_IRQHandler
                0x08000fd0                I2C1_ER_IRQHandler
                0x08000fd0                USBWakeUp_IRQHandler
 *fill*         0x08000fd2        0x2 
 .text.HD44780_Init
                0x08000fd4      0x108 ./Drivers/STM32F1xx_HAL_Driver/Src/liquidcrystal_i2c.o
                0x08000fd4                HD44780_Init
 .text.HD44780_Clear
                0x080010dc       0x16 ./Drivers/STM32F1xx_HAL_Driver/Src/liquidcrystal_i2c.o
                0x080010dc                HD44780_Clear
 .text.HD44780_Home
                0x080010f2       0x16 ./Drivers/STM32F1xx_HAL_Driver/Src/liquidcrystal_i2c.o
                0x080010f2                HD44780_Home
 .text.HD44780_SetCursor
                0x08001108       0x64 ./Drivers/STM32F1xx_HAL_Driver/Src/liquidcrystal_i2c.o
                0x08001108                HD44780_SetCursor
 .text.HD44780_Display
                0x0800116c       0x2c ./Drivers/STM32F1xx_HAL_Driver/Src/liquidcrystal_i2c.o
                0x0800116c                HD44780_Display
 .text.HD44780_CreateSpecialChar
                0x08001198       0x54 ./Drivers/STM32F1xx_HAL_Driver/Src/liquidcrystal_i2c.o
                0x08001198                HD44780_CreateSpecialChar
 .text.HD44780_PrintSpecialChar
                0x080011ec       0x1a ./Drivers/STM32F1xx_HAL_Driver/Src/liquidcrystal_i2c.o
                0x080011ec                HD44780_PrintSpecialChar
 .text.HD44780_PrintStr
                0x08001206       0x2a ./Drivers/STM32F1xx_HAL_Driver/Src/liquidcrystal_i2c.o
                0x08001206                HD44780_PrintStr
 .text.HD44780_Backlight
                0x08001230       0x18 ./Drivers/STM32F1xx_HAL_Driver/Src/liquidcrystal_i2c.o
                0x08001230                HD44780_Backlight
 .text.SendCommand
                0x08001248       0x1c ./Drivers/STM32F1xx_HAL_Driver/Src/liquidcrystal_i2c.o
 .text.SendChar
                0x08001264       0x1c ./Drivers/STM32F1xx_HAL_Driver/Src/liquidcrystal_i2c.o
 .text.Send     0x08001280       0x42 ./Drivers/STM32F1xx_HAL_Driver/Src/liquidcrystal_i2c.o
 .text.Write4Bits
                0x080012c2       0x22 ./Drivers/STM32F1xx_HAL_Driver/Src/liquidcrystal_i2c.o
 .text.ExpanderWrite
                0x080012e4       0x38 ./Drivers/STM32F1xx_HAL_Driver/Src/liquidcrystal_i2c.o
 .text.PulseEnable
                0x0800131c       0x3a ./Drivers/STM32F1xx_HAL_Driver/Src/liquidcrystal_i2c.o
 *fill*         0x08001356        0x2 
 .text.DelayInit
                0x08001358       0x50 ./Drivers/STM32F1xx_HAL_Driver/Src/liquidcrystal_i2c.o
 .text.DelayUS  0x080013a8       0x4c ./Drivers/STM32F1xx_HAL_Driver/Src/liquidcrystal_i2c.o
 .text.HAL_Init
                0x080013f4       0x2c ./Drivers/STM32F1xx_HAL_Driver/Src/stm32f1xx_hal.o
                0x080013f4                HAL_Init
 .text.HAL_InitTick
                0x08001420       0x60 ./Drivers/STM32F1xx_HAL_Driver/Src/stm32f1xx_hal.o
                0x08001420                HAL_InitTick
 .text.HAL_IncTick
                0x08001480       0x24 ./Drivers/STM32F1xx_HAL_Driver/Src/stm32f1xx_hal.o
                0x08001480                HAL_IncTick
 .text.HAL_GetTick
                0x080014a4       0x14 ./Drivers/STM32F1xx_HAL_Driver/Src/stm32f1xx_hal.o
                0x080014a4                HAL_GetTick
 .text.HAL_Delay
                0x080014b8       0x48 ./Drivers/STM32F1xx_HAL_Driver/Src/stm32f1xx_hal.o
                0x080014b8                HAL_Delay
 .text.__NVIC_SetPriorityGrouping
                0x08001500       0x48 ./Drivers/STM32F1xx_HAL_Driver/Src/stm32f1xx_hal_cortex.o
 .text.__NVIC_GetPriorityGrouping
                0x08001548       0x1c ./Drivers/STM32F1xx_HAL_Driver/Src/stm32f1xx_hal_cortex.o
 .text.__NVIC_SetPriority
                0x08001564       0x54 ./Drivers/STM32F1xx_HAL_Driver/Src/stm32f1xx_hal_cortex.o
 .text.NVIC_EncodePriority
                0x080015b8       0x64 ./Drivers/STM32F1xx_HAL_Driver/Src/stm32f1xx_hal_cortex.o
 .text.SysTick_Config
                0x0800161c       0x44 ./Drivers/STM32F1xx_HAL_Driver/Src/stm32f1xx_hal_cortex.o
 .text.HAL_NVIC_SetPriorityGrouping
                0x08001660       0x16 ./Drivers/STM32F1xx_HAL_Driver/Src/stm32f1xx_hal_cortex.o
                0x08001660                HAL_NVIC_SetPriorityGrouping
 .text.HAL_NVIC_SetPriority
                0x08001676       0x38 ./Drivers/STM32F1xx_HAL_Driver/Src/stm32f1xx_hal_cortex.o
                0x08001676                HAL_NVIC_SetPriority
 .text.HAL_SYSTICK_Config
                0x080016ae       0x18 ./Drivers/STM32F1xx_HAL_Driver/Src/stm32f1xx_hal_cortex.o
                0x080016ae                HAL_SYSTICK_Config
 .text.HAL_SYSTICK_IRQHandler
                0x080016c6        0xc ./Drivers/STM32F1xx_HAL_Driver/Src/stm32f1xx_hal_cortex.o
                0x080016c6                HAL_SYSTICK_IRQHandler
 *fill*         0x080016d2        0x2 
 .text.HAL_GPIO_Init
                0x080016d4      0x308 ./Drivers/STM32F1xx_HAL_Driver/Src/stm32f1xx_hal_gpio.o
                0x080016d4                HAL_GPIO_Init
 .text.HAL_GPIO_ReadPin
                0x080019dc       0x2e ./Drivers/STM32F1xx_HAL_Driver/Src/stm32f1xx_hal_gpio.o
                0x080019dc                HAL_GPIO_ReadPin
 .text.HAL_GPIO_WritePin
                0x08001a0a       0x30 ./Drivers/STM32F1xx_HAL_Driver/Src/stm32f1xx_hal_gpio.o
                0x08001a0a                HAL_GPIO_WritePin
 *fill*         0x08001a3a        0x2 
 .text.HAL_I2C_Init
                0x08001a3c      0x288 ./Drivers/STM32F1xx_HAL_Driver/Src/stm32f1xx_hal_i2c.o
                0x08001a3c                HAL_I2C_Init
 .text.HAL_I2C_Master_Transmit
                0x08001cc4      0x1fc ./Drivers/STM32F1xx_HAL_Driver/Src/stm32f1xx_hal_i2c.o
                0x08001cc4                HAL_I2C_Master_Transmit
 .text.HAL_I2C_Master_Receive
                0x08001ec0      0x4d8 ./Drivers/STM32F1xx_HAL_Driver/Src/stm32f1xx_hal_i2c.o
                0x08001ec0                HAL_I2C_Master_Receive
 .text.HAL_I2C_Mem_Write
                0x08002398      0x1f4 ./Drivers/STM32F1xx_HAL_Driver/Src/stm32f1xx_hal_i2c.o
                0x08002398                HAL_I2C_Mem_Write
 .text.HAL_I2C_Mem_Read
                0x0800258c      0x4e8 ./Drivers/STM32F1xx_HAL_Driver/Src/stm32f1xx_hal_i2c.o
                0x0800258c                HAL_I2C_Mem_Read
 .text.HAL_I2C_GetError
                0x08002a74       0x16 ./Drivers/STM32F1xx_HAL_Driver/Src/stm32f1xx_hal_i2c.o
                0x08002a74                HAL_I2C_GetError
 *fill*         0x08002a8a        0x2 
 .text.I2C_MasterRequestWrite
                0x08002a8c      0x104 ./Drivers/STM32F1xx_HAL_Driver/Src/stm32f1xx_hal_i2c.o
 .text.I2C_MasterRequestRead
                0x08002b90      0x19c ./Drivers/STM32F1xx_HAL_Driver/Src/stm32f1xx_hal_i2c.o
 .text.I2C_RequestMemoryWrite
                0x08002d2c      0x12c ./Drivers/STM32F1xx_HAL_Driver/Src/stm32f1xx_hal_i2c.o
 .text.I2C_RequestMemoryRead
                0x08002e58      0x1d0 ./Drivers/STM32F1xx_HAL_Driver/Src/stm32f1xx_hal_i2c.o
 .text.I2C_WaitOnFlagUntilTimeout
                0x08003028       0xf4 ./Drivers/STM32F1xx_HAL_Driver/Src/stm32f1xx_hal_i2c.o
 .text.I2C_WaitOnMasterAddressFlagUntilTimeout
                0x0800311c      0x140 ./Drivers/STM32F1xx_HAL_Driver/Src/stm32f1xx_hal_i2c.o
 .text.I2C_WaitOnTXEFlagUntilTimeout
                0x0800325c       0x90 ./Drivers/STM32F1xx_HAL_Driver/Src/stm32f1xx_hal_i2c.o
 .text.I2C_WaitOnBTFFlagUntilTimeout
                0x080032ec       0x90 ./Drivers/STM32F1xx_HAL_Driver/Src/stm32f1xx_hal_i2c.o
 .text.I2C_WaitOnRXNEFlagUntilTimeout
                0x0800337c       0xba ./Drivers/STM32F1xx_HAL_Driver/Src/stm32f1xx_hal_i2c.o
 .text.I2C_IsAcknowledgeFailed
                0x08003436       0x5c ./Drivers/STM32F1xx_HAL_Driver/Src/stm32f1xx_hal_i2c.o
 *fill*         0x08003492        0x2 
 .text.HAL_PWR_EnableBkUpAccess
                0x08003494       0x18 ./Drivers/STM32F1xx_HAL_Driver/Src/stm32f1xx_hal_pwr.o
                0x08003494                HAL_PWR_EnableBkUpAccess
 .text.HAL_RCC_OscConfig
                0x080034ac      0x504 ./Drivers/STM32F1xx_HAL_Driver/Src/stm32f1xx_hal_rcc.o
                0x080034ac                HAL_RCC_OscConfig
 .text.HAL_RCC_ClockConfig
                0x080039b0      0x1d4 ./Drivers/STM32F1xx_HAL_Driver/Src/stm32f1xx_hal_rcc.o
                0x080039b0                HAL_RCC_ClockConfig
 .text.HAL_RCC_GetSysClockFreq
                0x08003b84       0xa8 ./Drivers/STM32F1xx_HAL_Driver/Src/stm32f1xx_hal_rcc.o
                0x08003b84                HAL_RCC_GetSysClockFreq
 .text.HAL_RCC_GetHCLKFreq
                0x08003c2c       0x14 ./Drivers/STM32F1xx_HAL_Driver/Src/stm32f1xx_hal_rcc.o
                0x08003c2c                HAL_RCC_GetHCLKFreq
 .text.HAL_RCC_GetPCLK1Freq
                0x08003c40       0x28 ./Drivers/STM32F1xx_HAL_Driver/Src/stm32f1xx_hal_rcc.o
                0x08003c40                HAL_RCC_GetPCLK1Freq
 .text.HAL_RCC_GetPCLK2Freq
                0x08003c68       0x28 ./Drivers/STM32F1xx_HAL_Driver/Src/stm32f1xx_hal_rcc.o
                0x08003c68                HAL_RCC_GetPCLK2Freq
 .text.RCC_Delay
                0x08003c90       0x3c ./Drivers/STM32F1xx_HAL_Driver/Src/stm32f1xx_hal_rcc.o
 .text.HAL_RCCEx_PeriphCLKConfig
                0x08003ccc      0x16c ./Drivers/STM32F1xx_HAL_Driver/Src/stm32f1xx_hal_rcc_ex.o
                0x08003ccc                HAL_RCCEx_PeriphCLKConfig
 .text.HAL_RCCEx_GetPeriphCLKFreq
                0x08003e38      0x16c ./Drivers/STM32F1xx_HAL_Driver/Src/stm32f1xx_hal_rcc_ex.o
                0x08003e38                HAL_RCCEx_GetPeriphCLKFreq
 .text.HAL_RTC_Init
                0x08003fa4      0x118 ./Drivers/STM32F1xx_HAL_Driver/Src/stm32f1xx_hal_rtc.o
                0x08003fa4                HAL_RTC_Init
 .text.HAL_RTC_SetTime
                0x080040bc      0x12e ./Drivers/STM32F1xx_HAL_Driver/Src/stm32f1xx_hal_rtc.o
                0x080040bc                HAL_RTC_SetTime
 *fill*         0x080041ea        0x2 
 .text.HAL_RTC_GetTime
                0x080041ec      0x1b0 ./Drivers/STM32F1xx_HAL_Driver/Src/stm32f1xx_hal_rtc.o
                0x080041ec                HAL_RTC_GetTime
 .text.HAL_RTC_SetDate
                0x0800439c      0x16c ./Drivers/STM32F1xx_HAL_Driver/Src/stm32f1xx_hal_rtc.o
                0x0800439c                HAL_RTC_SetDate
 .text.HAL_RTC_GetDate
                0x08004508       0xa8 ./Drivers/STM32F1xx_HAL_Driver/Src/stm32f1xx_hal_rtc.o
                0x08004508                HAL_RTC_GetDate
 .text.HAL_RTC_WaitForSynchro
                0x080045b0       0x5a ./Drivers/STM32F1xx_HAL_Driver/Src/stm32f1xx_hal_rtc.o
                0x080045b0                HAL_RTC_WaitForSynchro
 .text.RTC_ReadTimeCounter
                0x0800460a       0x60 ./Drivers/STM32F1xx_HAL_Driver/Src/stm32f1xx_hal_rtc.o
 .text.RTC_WriteTimeCounter
                0x0800466a       0x4e ./Drivers/STM32F1xx_HAL_Driver/Src/stm32f1xx_hal_rtc.o
 .text.RTC_ReadAlarmCounter
                0x080046b8       0x32 ./Drivers/STM32F1xx_HAL_Driver/Src/stm32f1xx_hal_rtc.o
 .text.RTC_WriteAlarmCounter
                0x080046ea       0x4e ./Drivers/STM32F1xx_HAL_Driver/Src/stm32f1xx_hal_rtc.o
 .text.RTC_EnterInitMode
                0x08004738       0x50 ./Drivers/STM32F1xx_HAL_Driver/Src/stm32f1xx_hal_rtc.o
 .text.RTC_ExitInitMode
                0x08004788       0x50 ./Drivers/STM32F1xx_HAL_Driver/Src/stm32f1xx_hal_rtc.o
 .text.RTC_ByteToBcd2
                0x080047d8       0x3a ./Drivers/STM32F1xx_HAL_Driver/Src/stm32f1xx_hal_rtc.o
 .text.RTC_Bcd2ToByte
                0x08004812       0x3a ./Drivers/STM32F1xx_HAL_Driver/Src/stm32f1xx_hal_rtc.o
 .text.RTC_DateUpdate
                0x0800484c      0x152 ./Drivers/STM32F1xx_HAL_Driver/Src/stm32f1xx_hal_rtc.o
 *fill*         0x0800499e        0x2 
 .text.RTC_IsLeapYear
                0x080049a0       0x64 ./Drivers/STM32F1xx_HAL_Driver/Src/stm32f1xx_hal_rtc.o
 .text.RTC_WeekDayNum
                0x08004a04       0xf0 ./Drivers/STM32F1xx_HAL_Driver/Src/stm32f1xx_hal_rtc.o
 .text.HAL_TIM_Base_Init
                0x08004af4       0x9e ./Drivers/STM32F1xx_HAL_Driver/Src/stm32f1xx_hal_tim.o
                0x08004af4                HAL_TIM_Base_Init
 .text.HAL_TIM_PWM_Init
                0x08004b92       0x9e ./Drivers/STM32F1xx_HAL_Driver/Src/stm32f1xx_hal_tim.o
                0x08004b92                HAL_TIM_PWM_Init
 .text.HAL_TIM_PWM_MspInit
                0x08004c30       0x12 ./Drivers/STM32F1xx_HAL_Driver/Src/stm32f1xx_hal_tim.o
                0x08004c30                HAL_TIM_PWM_MspInit
 *fill*         0x08004c42        0x2 
 .text.HAL_TIM_PWM_Start
                0x08004c44      0x144 ./Drivers/STM32F1xx_HAL_Driver/Src/stm32f1xx_hal_tim.o
                0x08004c44                HAL_TIM_PWM_Start
 .text.HAL_TIM_PWM_Stop
                0x08004d88       0xc8 ./Drivers/STM32F1xx_HAL_Driver/Src/stm32f1xx_hal_tim.o
                0x08004d88                HAL_TIM_PWM_Stop
 .text.HAL_TIM_PWM_ConfigChannel
                0x08004e50      0x184 ./Drivers/STM32F1xx_HAL_Driver/Src/stm32f1xx_hal_tim.o
                0x08004e50                HAL_TIM_PWM_ConfigChannel
 .text.HAL_TIM_ConfigClockSource
                0x08004fd4      0x18e ./Drivers/STM32F1xx_HAL_Driver/Src/stm32f1xx_hal_tim.o
                0x08004fd4                HAL_TIM_ConfigClockSource
 *fill*         0x08005162        0x2 
 .text.TIM_Base_SetConfig
                0x08005164       0xdc ./Drivers/STM32F1xx_HAL_Driver/Src/stm32f1xx_hal_tim.o
                0x08005164                TIM_Base_SetConfig
 .text.TIM_OC1_SetConfig
                0x08005240       0xcc ./Drivers/STM32F1xx_HAL_Driver/Src/stm32f1xx_hal_tim.o
 .text.TIM_OC2_SetConfig
                0x0800530c       0xd4 ./Drivers/STM32F1xx_HAL_Driver/Src/stm32f1xx_hal_tim.o
                0x0800530c                TIM_OC2_SetConfig
 .text.TIM_OC3_SetConfig
                0x080053e0       0xd4 ./Drivers/STM32F1xx_HAL_Driver/Src/stm32f1xx_hal_tim.o
 .text.TIM_OC4_SetConfig
                0x080054b4       0x9c ./Drivers/STM32F1xx_HAL_Driver/Src/stm32f1xx_hal_tim.o
 .text.TIM_TI1_ConfigInputStage
                0x08005550       0x5c ./Drivers/STM32F1xx_HAL_Driver/Src/stm32f1xx_hal_tim.o
 .text.TIM_TI2_ConfigInputStage
                0x080055ac       0x5e ./Drivers/STM32F1xx_HAL_Driver/Src/stm32f1xx_hal_tim.o
 .text.TIM_ITRx_SetConfig
                0x0800560a       0x34 ./Drivers/STM32F1xx_HAL_Driver/Src/stm32f1xx_hal_tim.o
 .text.TIM_ETR_SetConfig
                0x0800563e       0x3e ./Drivers/STM32F1xx_HAL_Driver/Src/stm32f1xx_hal_tim.o
                0x0800563e                TIM_ETR_SetConfig
 .text.TIM_CCxChannelCmd
                0x0800567c       0x48 ./Drivers/STM32F1xx_HAL_Driver/Src/stm32f1xx_hal_tim.o
                0x0800567c                TIM_CCxChannelCmd
 .text.HAL_TIMEx_MasterConfigSynchronization
                0x080056c4       0xbc ./Drivers/STM32F1xx_HAL_Driver/Src/stm32f1xx_hal_tim_ex.o
                0x080056c4                HAL_TIMEx_MasterConfigSynchronization
 .text.HAL_UART_Init
                0x08005780       0xa0 ./Drivers/STM32F1xx_HAL_Driver/Src/stm32f1xx_hal_uart.o
                0x08005780                HAL_UART_Init
 .text.UART_SetConfig
                0x08005820      0x11c ./Drivers/STM32F1xx_HAL_Driver/Src/stm32f1xx_hal_uart.o
 .text.app_init
                0x0800593c      0x22c ./app/src/app.o
                0x0800593c                app_init
 .text.app_update
                0x08005b68      0x180 ./app/src/app.o
                0x08005b68                app_update
 .text.app_it_init
                0x08005ce8       0x1c ./app/src/app_it.o
                0x08005ce8                app_it_init
 .text.HAL_SYSTICK_Callback
                0x08005d04       0x1c ./app/src/app_it.o
                0x08005d04                HAL_SYSTICK_Callback
 .text.logger_log_print_
                0x08005d20       0x12 ./app/src/logger.o
                0x08005d20                logger_log_print_
 *fill*         0x08005d32        0x2 
 .text.task_actuator_init
                0x08005d34      0x2b0 ./app/src/task_actuator.o
                0x08005d34                task_actuator_init
 .text.task_actuator_update
                0x08005fe4       0x2a ./app/src/task_actuator.o
                0x08005fe4                task_actuator_update
 *fill*         0x0800600e        0x2 
 .text.task_actuator_statechart
                0x08006010      0x294 ./app/src/task_actuator.o
                0x08006010                task_actuator_statechart
 .text.put_event_task_actuator
                0x080062a4       0x34 ./app/src/task_actuator_interface.o
                0x080062a4                put_event_task_actuator
 .text.task_display_init
                0x080062d8      0x250 ./app/src/task_display.o
                0x080062d8                task_display_init
 .text.task_display_update
                0x08006528       0x14 ./app/src/task_display.o
                0x08006528                task_display_update
 .text.task_display_statechart
                0x0800653c      0x114 ./app/src/task_display.o
                0x0800653c                task_display_statechart
 .text.put_event_task_display
                0x08006650       0x68 ./app/src/task_display_interface.o
                0x08006650                put_event_task_display
 .text.task_memory_init
                0x080066b8      0x200 ./app/src/task_memory.o
                0x080066b8                task_memory_init
 .text.task_memory_update
                0x080068b8       0x12 ./app/src/task_memory.o
                0x080068b8                task_memory_update
 .text.task_memory_load_preset
                0x080068ca       0x3a ./app/src/task_memory.o
                0x080068ca                task_memory_load_preset
 .text.task_memory_save_running
                0x08006904       0x3c ./app/src/task_memory.o
                0x08006904                task_memory_save_running
 .text.task_memory_load_running
                0x08006940       0x48 ./app/src/task_memory.o
                0x08006940                task_memory_load_running
 .text.task_memory_clear_running
                0x08006988       0x2e ./app/src/task_memory.o
                0x08006988                task_memory_clear_running
 *fill*         0x080069b6        0x2 
 .text.eeprom_write
                0x080069b8       0x90 ./app/src/task_memory.o
 .text.eeprom_read
                0x08006a48       0x90 ./app/src/task_memory.o
 .text.memory_write_preset
                0x08006ad8       0x34 ./app/src/task_memory.o
 .text.memory_provision_defaults
                0x08006b0c      0x118 ./app/src/task_memory.o
 .text.task_sensor_init
                0x08006c24      0x274 ./app/src/task_sensor.o
                0x08006c24                task_sensor_init
 .text.task_sensor_update
                0x08006e98       0x2c ./app/src/task_sensor.o
                0x08006e98                task_sensor_update
 .text.task_sensor_statechart
                0x08006ec4      0x14c ./app/src/task_sensor.o
                0x08006ec4                task_sensor_statechart
 .text.task_sht30_statechart
                0x08007010      0x1d4 ./app/src/task_sensor.o
 .text.task_system_init
                0x080071e4      0x234 ./app/src/task_system.o
                0x080071e4                task_system_init
 .text.task_system_update
                0x08007418       0x14 ./app/src/task_system.o
                0x08007418                task_system_update
 .text.display_main_new
                0x0800742c       0x24 ./app/src/task_system.o
 .text.display_main_cont
                0x08007450       0x24 ./app/src/task_system.o
 .text.display_new_menu
                0x08007474       0xd4 ./app/src/task_system.o
 .text.display_set_temp
                0x08007548       0x40 ./app/src/task_system.o
 .text.display_set_hum
                0x08007588       0x40 ./app/src/task_system.o
 .text.display_set_days
                0x080075c8       0x40 ./app/src/task_system.o
 .text.display_set_hours
                0x08007608       0x40 ./app/src/task_system.o
 .text.rtc_get_seconds
                0x08007648       0x68 ./app/src/task_system.o
 .text.incubation_start
                0x080076b0       0x8c ./app/src/task_system.o
 .text.display_incubating
                0x0800773c       0xf8 ./app/src/task_system.o
 .text.display_last_data
                0x08007834       0x8c ./app/src/task_system.o
 .text.incubation_run_common
                0x080078c0      0x21c ./app/src/task_system.o
 .text.task_system_statechart
                0x08007adc      0x624 ./app/src/task_system.o
 .text.init_event_task_system
                0x08008100       0x48 ./app/src/task_system_interface.o
                0x08008100                init_event_task_system
 .text.put_event_task_system
                0x08008148       0x44 ./app/src/task_system_interface.o
                0x08008148                put_event_task_system
 .text.get_event_task_system
                0x0800818c       0x4c ./app/src/task_system_interface.o
                0x0800818c                get_event_task_system
 .text.any_event_task_system
                0x080081d8       0x24 ./app/src/task_system_interface.o
                0x080081d8                any_event_task_system
 .text.snprintf
                0x080081fc       0x6c C:/ST/STM32CubeIDE_1.19.0/STM32CubeIDE/plugins/com.st.stm32cube.ide.mcu.externaltools.gnu-tools-for-stm32.13.3.rel1.win32_1.0.0.202411081344/tools/bin/../lib/gcc/arm-none-eabi/13.3.1/../../../../arm-none-eabi/lib/thumb/v7-m/nofp\libc_nano.a(libc_a-snprintf.o)
                0x080081fc                sniprintf
                0x080081fc                snprintf
 .text.memset   0x08008268       0x10 C:/ST/STM32CubeIDE_1.19.0/STM32CubeIDE/plugins/com.st.stm32cube.ide.mcu.externaltools.gnu-tools-for-stm32.13.3.rel1.win32_1.0.0.202411081344/tools/bin/../lib/gcc/arm-none-eabi/13.3.1/../../../../arm-none-eabi/lib/thumb/v7-m/nofp\libc_nano.a(libc_a-memset.o)
                0x08008268                memset
 .text.__errno  0x08008278        0xc C:/ST/STM32CubeIDE_1.19.0/STM32CubeIDE/plugins/com.st.stm32cube.ide.mcu.externaltools.gnu-tools-for-stm32.13.3.rel1.win32_1.0.0.202411081344/tools/bin/../lib/gcc/arm-none-eabi/13.3.1/../../../../arm-none-eabi/lib/thumb/v7-m/nofp\libc_nano.a(libc_a-errno.o)
                0x08008278                __errno
 .text.__libc_init_array
                0x08008284       0x48 C:/ST/STM32CubeIDE_1.19.0/STM32CubeIDE/plugins/com.st.stm32cube.ide.mcu.externaltools.gnu-tools-for-stm32.13.3.rel1.win32_1.0.0.202411081344/tools/bin/../lib/gcc/arm-none-eabi/13.3.1/../../../../arm-none-eabi/lib/thumb/v7-m/nofp\libc_nano.a(libc_a-init.o)
                0x08008284                __libc_init_array
 .text.__retarget_lock_acquire_recursive
                0x080082cc        0x2 C:/ST/STM32CubeIDE_1.19.0/STM32CubeIDE/plugins/com.st.stm32cube.ide.mcu.externaltools.gnu-tools-for-stm32.13.3.rel1.win32_1.0.0.202411081344/tools/bin/../lib/gcc/arm-none-eabi/13.3.1/../../../../arm-none-eabi/lib/thumb/v7-m/nofp\libc_nano.a(libc_a-lock.o)
                0x080082cc                __retarget_lock_acquire_recursive
 .text.__retarget_lock_release_recursive
                0x080082ce        0x2 C:/ST/STM32CubeIDE_1.19.0/STM32CubeIDE/plugins/com.st.stm32cube.ide.mcu.externaltools.gnu-tools-for-stm32.13.3.rel1.win32_1.0.0.202411081344/tools/bin/../lib/gcc/arm-none-eabi/13.3.1/../../../../arm-none-eabi/lib/thumb/v7-m/nofp\libc_nano.a(libc_a-lock.o)
                0x080082ce                __retarget_lock_release_recursive
 .text._free_r  0x080082d0       0x90 C:/ST/STM32CubeIDE_1.19.0/STM32CubeIDE/plugins/com.st.stm32cube.ide.mcu.externaltools.gnu-tools-for-stm32.13.3.rel1.win32_1.0.0.202411081344/tools/bin/../lib/gcc/arm-none-eabi/13.3.1/../../../../arm-none-eabi/lib/thumb/v7-m/nofp\libc_nano.a(libc_a-freer.o)
                0x080082d0                _free_r
 .text.sbrk_aligned
                0x08008360       0x44 C:/ST/STM32CubeIDE_1.19.0/STM32CubeIDE/plugins/com.st.stm32cube.ide.mcu.externaltools.gnu-tools-for-stm32.13.3.rel1.win32_1.0.0.202411081344/tools/bin/../lib/gcc/arm-none-eabi/13.3.1/../../../../arm-none-eabi/lib/thumb/v7-m/nofp\libc_nano.a(libc_a-mallocr.o)
 .text._malloc_r
                0x080083a4      0x100 C:/ST/STM32CubeIDE_1.19.0/STM32CubeIDE/plugins/com.st.stm32cube.ide.mcu.externaltools.gnu-tools-for-stm32.13.3.rel1.win32_1.0.0.202411081344/tools/bin/../lib/gcc/arm-none-eabi/13.3.1/../../../../arm-none-eabi/lib/thumb/v7-m/nofp\libc_nano.a(libc_a-mallocr.o)
                0x080083a4                _malloc_r
 .text.__malloc_lock
                0x080084a4        0xc C:/ST/STM32CubeIDE_1.19.0/STM32CubeIDE/plugins/com.st.stm32cube.ide.mcu.externaltools.gnu-tools-for-stm32.13.3.rel1.win32_1.0.0.202411081344/tools/bin/../lib/gcc/arm-none-eabi/13.3.1/../../../../arm-none-eabi/lib/thumb/v7-m/nofp\libc_nano.a(libc_a-mlock.o)
                0x080084a4                __malloc_lock
 .text.__malloc_unlock
                0x080084b0        0xc C:/ST/STM32CubeIDE_1.19.0/STM32CubeIDE/plugins/com.st.stm32cube.ide.mcu.externaltools.gnu-tools-for-stm32.13.3.rel1.win32_1.0.0.202411081344/tools/bin/../lib/gcc/arm-none-eabi/13.3.1/../../../../arm-none-eabi/lib/thumb/v7-m/nofp\libc_nano.a(libc_a-mlock.o)
                0x080084b0                __malloc_unlock
 .text.__ssputs_r
                0x080084bc       0xb6 C:/ST/STM32CubeIDE_1.19.0/STM32CubeIDE/plugins/com.st.stm32cube.ide.mcu.externaltools.gnu-tools-for-stm32.13.3.rel1.win32_1.0.0.202411081344/tools/bin/../lib/gcc/arm-none-eabi/13.3.1/../../../../arm-none-eabi/lib/thumb/v7-m/nofp\libc_nano.a(libc_a-nano-svfprintf.o)
                0x080084bc                __ssputs_r
 *fill*         0x08008572        0x2 
 .text._svfprintf_r
                0x08008574      0x1f8 C:/ST/STM32CubeIDE_1.19.0/STM32CubeIDE/plugins/com.st.stm32cube.ide.mcu.externaltools.gnu-tools-for-stm32.13.3.rel1.win32_1.0.0.202411081344/tools/bin/../lib/gcc/arm-none-eabi/13.3.1/../../../../arm-none-eabi/lib/thumb/v7-m/nofp\libc_nano.a(libc_a-nano-svfprintf.o)
                0x08008574                _svfiprintf_r
                0x08008574                _svfprintf_r
 .text._printf_common
                0x0800876c       0xe4 C:/ST/STM32CubeIDE_1.19.0/STM32CubeIDE/plugins/com.st.stm32cube.ide.mcu.externaltools.gnu-tools-for-stm32.13.3.rel1.win32_1.0.0.202411081344/tools/bin/../lib/gcc/arm-none-eabi/13.3.1/../../../../arm-none-eabi/lib/thumb/v7-m/nofp\libc_nano.a(libc_a-nano-vfprintf_i.o)
                0x0800876c                _printf_common
 .text._printf_i
                0x08008850      0x23c C:/ST/STM32CubeIDE_1.19.0/STM32CubeIDE/plugins/com.st.stm32cube.ide.mcu.externaltools.gnu-tools-for-stm32.13.3.rel1.win32_1.0.0.202411081344/tools/bin/../lib/gcc/arm-none-eabi/13.3.1/../../../../arm-none-eabi/lib/thumb/v7-m/nofp\libc_nano.a(libc_a-nano-vfprintf_i.o)
                0x08008850                _printf_i
 .text.memmove  0x08008a8c       0x34 C:/ST/STM32CubeIDE_1.19.0/STM32CubeIDE/plugins/com.st.stm32cube.ide.mcu.externaltools.gnu-tools-for-stm32.13.3.rel1.win32_1.0.0.202411081344/tools/bin/../lib/gcc/arm-none-eabi/13.3.1/../../../../arm-none-eabi/lib/thumb/v7-m/nofp\libc_nano.a(libc_a-memmove.o)
                0x08008a8c                memmove
 .text._sbrk_r  0x08008ac0       0x20 C:/ST/STM32CubeIDE_1.19.0/STM32CubeIDE/plugins/com.st.stm32cube.ide.mcu.externaltools.gnu-tools-for-stm32.13.3.rel1.win32_1.0.0.202411081344/tools/bin/../lib/gcc/arm-none-eabi/13.3.1/../../../../arm-none-eabi/lib/thumb/v7-m/nofp\libc_nano.a(libc_a-sbrkr.o)
                0x08008ac0                _sbrk_r
 .text.memchr   0x08008ae0       0x1c C:/ST/STM32CubeIDE_1.19.0/STM32CubeIDE/plugins/com.st.stm32cube.ide.mcu.externaltools.gnu-tools-for-stm32.13.3.rel1.win32_1.0.0.202411081344/tools/bin/../lib/gcc/arm-none-eabi/13.3.1/../../../../arm-none-eabi/lib/thumb/v7-m/nofp\libc_nano.a(libc_a-memchr-stub.o)
                0x08008ae0                memchr
 .text.memcpy   0x08008afc       0x1c C:/ST/STM32CubeIDE_1.19.0/STM32CubeIDE/plugins/com.st.stm32cube.ide.mcu.externaltools.gnu-tools-for-stm32.13.3.rel1.win32_1.0.0.202411081344/tools/bin/../lib/gcc/arm-none-eabi/13.3.1/../../../../arm-none-eabi/lib/thumb/v7-m/nofp\libc_nano.a(libc_a-memcpy-stub.o)
                0x08008afc                memcpy
 .text._realloc_r
                0x08008b18       0x5c C:/ST/STM32CubeIDE_1.19.0/STM32CubeIDE/plugins/com.st.stm32cube.ide.mcu.externaltools.gnu-tools-for-stm32.13.3.rel1.win32_1.0.0.202411081344/tools/bin/../lib/gcc/arm-none-eabi/13.3.1/../../../../arm-none-eabi/lib/thumb/v7-m/nofp\libc_nano.a(libc_a-reallocr.o)
                0x08008b18                _realloc_r
 .text._malloc_usable_size_r
                0x08008b74       0x10 C:/ST/STM32CubeIDE_1.19.0/STM32CubeIDE/plugins/com.st.stm32cube.ide.mcu.externaltools.gnu-tools-for-stm32.13.3.rel1.win32_1.0.0.202411081344/tools/bin/../lib/gcc/arm-none-eabi/13.3.1/../../../../arm-none-eabi/lib/thumb/v7-m/nofp\libc_nano.a(libc_a-msizer.o)
                0x08008b74                _malloc_usable_size_r
 *(.glue_7)
 .glue_7        0x08008b84        0x0 linker stubs
 *(.glue_7t)
 .glue_7t       0x08008b84        0x0 linker stubs
 *(.eh_frame)
 .eh_frame      0x08008b84        0x0 C:/ST/STM32CubeIDE_1.19.0/STM32CubeIDE/plugins/com.st.stm32cube.ide.mcu.externaltools.gnu-tools-for-stm32.13.3.rel1.win32_1.0.0.202411081344/tools/bin/../lib/gcc/arm-none-eabi/13.3.1/thumb/v7-m/nofp/crtbegin.o
 *(.init)
 .init          0x08008b84        0x4 C:/ST/STM32CubeIDE_1.19.0/STM32CubeIDE/plugins/com.st.stm32cube.ide.mcu.externaltools.gnu-tools-for-stm32.13.3.rel1.win32_1.0.0.202411081344/tools/bin/../lib/gcc/arm-none-eabi/13.3.1/thumb/v7-m/nofp/crti.o
                0x08008b84                _init
 .init          0x08008b88        0x8 C:/ST/STM32CubeIDE_1.19.0/STM32CubeIDE/plugins/com.st.stm32cube.ide.mcu.externaltools.gnu-tools-for-stm32.13.3.rel1.win32_1.0.0.202411081344/tools/bin/../lib/gcc/arm-none-eabi/13.3.1/thumb/v7-m/nofp/crtn.o
 *(.fini)
 .fini          0x08008b90        0x4 C:/ST/STM32CubeIDE_1.19.0/STM32CubeIDE/plugins/com.st.stm32cube.ide.mcu.externaltools.gnu-tools-for-stm32.13.3.rel1.win32_1.0.0.202411081344/tools/bin/../lib/gcc/arm-none-eabi/13.3.1/thumb/v7-m/nofp/crti.o
                0x08008b90                _fini
 .fini          0x08008b94        0x8 C:/ST/STM32CubeIDE_1.19.0/STM32CubeIDE/plugins/com.st.stm32cube.ide.mcu.externaltools.gnu-tools-for-stm32.13.3.rel1.win32_1.0.0.202411081344/tools/bin/../lib/gcc/arm-none-eabi/13.3.1/thumb/v7-m/nofp/crtn.o
                0x08008b9c                        . = ALIGN (0x4)
                0x08008b9c                        _etext = .

.vfp11_veneer   0x08008b9c        0x0
 .vfp11_veneer  0x08008b9c        0x0 linker stubs

.v4_bx          0x08008b9c        0x0
 .v4_bx         0x08008b9c        0x0 linker stubs

.iplt           0x08008b9c        0x0
 .iplt          0x08008b9c        0x0 C:/ST/STM32CubeIDE_1.19.0/STM32CubeIDE/plugins/com.st.stm32cube.ide.mcu.externaltools.gnu-tools-for-stm32.13.3.rel1.win32_1.0.0.202411081344/tools/bin/../lib/gcc/arm-none-eabi/13.3.1/thumb/v7-m/nofp/crtbegin.o

.rodata         0x08008b9c      0xbf8
                0x08008b9c                        . = ALIGN (0x4)
 *(.rodata)
 .rodata        0x08008b9c       0x10 ./Drivers/STM32F1xx_HAL_Driver/Src/liquidcrystal_i2c.o
 .rodata        0x08008bac       0xd2 ./app/src/app.o
 *fill*         0x08008c7e        0x2 
 .rodata        0x08008c80      0x11e ./app/src/task_actuator.o
 *fill*         0x08008d9e        0x2 
 .rodata        0x08008da0      0x10e ./app/src/task_display.o
 *fill*         0x08008eae        0x2 
 .rodata        0x08008eb0      0x282 ./app/src/task_memory.o
 *fill*         0x08009132        0x2 
 .rodata        0x08009134      0x166 ./app/src/task_sensor.o
 *fill*         0x0800929a        0x2 
 .rodata        0x0800929c      0x39d ./app/src/task_system.o
 *(.rodata*)
 *fill*         0x08009639        0x3 
 .rodata.AHBPrescTable
                0x0800963c       0x10 ./Core/Src/system_stm32f1xx.o
                0x0800963c                AHBPrescTable
 .rodata.APBPrescTable
                0x0800964c        0x8 ./Core/Src/system_stm32f1xx.o
                0x0800964c                APBPrescTable
 .rodata.aPLLMULFactorTable.1
                0x08009654       0x10 ./Drivers/STM32F1xx_HAL_Driver/Src/stm32f1xx_hal_rcc.o
 .rodata.aPredivFactorTable.0
                0x08009664        0x2 ./Drivers/STM32F1xx_HAL_Driver/Src/stm32f1xx_hal_rcc.o
 *fill*         0x08009666        0x2 
 .rodata.aPLLMULFactorTable.1
                0x08009668       0x10 ./Drivers/STM32F1xx_HAL_Driver/Src/stm32f1xx_hal_rcc_ex.o
 .rodata.aPredivFactorTable.0
                0x08009678        0x2 ./Drivers/STM32F1xx_HAL_Driver/Src/stm32f1xx_hal_rcc_ex.o
 *fill*         0x0800967a        0x2 
 .rodata.task_cfg_list
                0x0800967c       0x3c ./app/src/app.o
                0x0800967c                task_cfg_list
 .rodata.logger_msg
                0x080096b8        0x4 ./app/src/logger.o
                0x080096b8                logger_msg
 .rodata.task_actuator_cfg_list
                0x080096bc       0x48 ./app/src/task_actuator.o
                0x080096bc                task_actuator_cfg_list
 .rodata.memory_preset_defaults
                0x08009704        0xc ./app/src/task_memory.o
 .rodata.task_sensor_cfg_list
                0x08009710       0x50 ./app/src/task_sensor.o
                0x08009710                task_sensor_cfg_list
 .rodata._svfprintf_r.str1.1
                0x08009760       0x33 C:/ST/STM32CubeIDE_1.19.0/STM32CubeIDE/plugins/com.st.stm32cube.ide.mcu.externaltools.gnu-tools-for-stm32.13.3.rel1.win32_1.0.0.202411081344/tools/bin/../lib/gcc/arm-none-eabi/13.3.1/../../../../arm-none-eabi/lib/thumb/v7-m/nofp\libc_nano.a(libc_a-nano-svfprintf.o)
                                 0x11 (size before relaxing)
 .rodata._printf_i.str1.1
                0x08009793       0x22 C:/ST/STM32CubeIDE_1.19.0/STM32CubeIDE/plugins/com.st.stm32cube.ide.mcu.externaltools.gnu-tools-for-stm32.13.3.rel1.win32_1.0.0.202411081344/tools/bin/../lib/gcc/arm-none-eabi/13.3.1/../../../../arm-none-eabi/lib/thumb/v7-m/nofp\libc_nano.a(libc_a-nano-vfprintf_i.o)
                0x080097b8                        . = ALIGN (0x4)
 *fill*         0x08009793        0x1 

.ARM.extab      0x08009794        0x0
                0x08009794                        . = ALIGN (0x4)
 *(.ARM.extab* .gnu.linkonce.armextab.*)
                0x08009794                        . = ALIGN (0x4)

.ARM            0x08009794        0x0
                0x08009794                        . = ALIGN (0x4)
                0x08009794                        __exidx_start = .
 *(.ARM.exidx*)
                0x08009794                        __exidx_end = .
                0x08009794                        . = ALIGN (0x4)

.preinit_array  0x08009794        0x0
                0x08009794                        . = ALIGN (0x4)
                0x08009794                        PROVIDE (__preinit_array_start = .)
 *(.preinit_array*)
                0x08009794                        PROVIDE (__preinit_array_end = .)
                0x08009794                        . = ALIGN (0x4)

.init_array     0x08009794        0x4
                0x08009794                        . = ALIGN (0x4)
                0x08009794                        PROVIDE (__init_array_start = .)
 *(SORT_BY_NAME(.init_array.*))
 *(.init_array*)
 .init_array    0x08009794        0x4 C:/ST/STM32CubeIDE_1.19.0/STM32CubeIDE/plugins/com.st.stm32cube.ide.mcu.externaltools.gnu-tools-for-stm32.13.3.rel1.win32_1.0.0.202411081344/tools/bin/../lib/gcc/arm-none-eabi/13.3.1/thumb/v7-m/nofp/crtbegin.o
                0x08009798                        PROVIDE (__init_array_end = .)
                0x08009798                        . = ALIGN (0x4)

.fini_array     0x08009798        0x4
                0x08009798                        . = ALIGN (0x4)
                [!provide]                        PROVIDE (__fini_array_start = .)
 *(SORT_BY_NAME(.fini_array.*))
 *(.fini_array*)
 .fini_array    0x08009798        0x4 C:/ST/STM32CubeIDE_1.19.0/STM32CubeIDE/plugins/com.st.stm32cube.ide.mcu.externaltools.gnu-tools-for-stm32.13.3.rel1.win32_1.0.0.202411081344/tools/bin/../lib/gcc/arm-none-eabi/13.3.1/thumb/v7-m/nofp/crtbegin.o
                [!provide]                        PROVIDE (__fini_array_end = .)
                0x0800979c                        . = ALIGN (0x4)
                0x0800979c                        _sidata = LOADADDR (.data)

.rel.dyn        0x0800979c        0x0
 .rel.iplt      0x0800979c        0x0 C:/ST/STM32CubeIDE_1.19.0/STM32CubeIDE/plugins/com.st.stm32cube.ide.mcu.externaltools.gnu-tools-for-stm32.13.3.rel1.win32_1.0.0.202411081344/tools/bin/../lib/gcc/arm-none-eabi/13.3.1/thumb/v7-m/nofp/crtbegin.o

.data           0x20000000       0xbc load address 0x0800979c
                0x20000000                        . = ALIGN (0x4)
                0x20000000                        _sdata = .
 *(.data)
 *(.data*)
 .data.SystemCoreClock
                0x20000000        0x4 ./Core/Src/system_stm32f1xx.o
                0x20000000                SystemCoreClock
 .data.special1
                0x20000004        0x8 ./Drivers/STM32F1xx_HAL_Driver/Src/liquidcrystal_i2c.o
                0x20000004                special1
 .data.special2
                0x2000000c        0x8 ./Drivers/STM32F1xx_HAL_Driver/Src/liquidcrystal_i2c.o
                0x2000000c                special2
 .data.uwTickPrio
                0x20000014        0x4 ./Drivers/STM32F1xx_HAL_Driver/Src/stm32f1xx_hal.o
                0x20000014                uwTickPrio
 .data.uwTickFreq
                0x20000018        0x1 ./Drivers/STM32F1xx_HAL_Driver/Src/stm32f1xx_hal.o
                0x20000018                uwTickFreq
 *fill*         0x20000019        0x3 
 .data.p_app    0x2000001c        0x4 ./app/src/app.o
                0x2000001c                p_app
 .data.p_app_   0x20000020        0x4 ./app/src/app.o
                0x20000020                p_app_
 .data.p_app__  0x20000024        0x4 ./app/src/app.o
                0x20000024                p_app__
 .data.servo_move_target
                0x20000028        0x1 ./app/src/task_actuator.o
 *fill*         0x20000029        0x3 
 .data.p_task_actuator
                0x2000002c        0x4 ./app/src/task_actuator.o
                0x2000002c                p_task_actuator
 .data.p_task_actuator_
                0x20000030        0x4 ./app/src/task_actuator.o
                0x20000030                p_task_actuator_
 .data.p_task_actuator__
                0x20000034        0x4 ./app/src/task_actuator.o
                0x20000034                p_task_actuator__
 .data.p_task_display
                0x20000038        0x4 ./app/src/task_display.o
                0x20000038                p_task_display
 .data.p_task_display_
                0x2000003c        0x4 ./app/src/task_display.o
                0x2000003c                p_task_display_
 .data.p_task_display__
                0x20000040        0x4 ./app/src/task_display.o
                0x20000040                p_task_display__
 .data.p_task_memory
                0x20000044        0x4 ./app/src/task_memory.o
                0x20000044                p_task_memory
 .data.p_task_memory_
                0x20000048        0x4 ./app/src/task_memory.o
                0x20000048                p_task_memory_
 .data.p_task_sensor
                0x2000004c        0x4 ./app/src/task_sensor.o
                0x2000004c                p_task_sensor
 .data.p_task_sensor_
                0x20000050        0x4 ./app/src/task_sensor.o
                0x20000050                p_task_sensor_
 .data.p_task_sensor__
                0x20000054        0x4 ./app/src/task_sensor.o
                0x20000054                p_task_sensor__
 .data.cfg_temp
                0x20000058        0x1 ./app/src/task_system.o
 .data.cfg_hum  0x20000059        0x1 ./app/src/task_system.o
 .data.cfg_days
                0x2000005a        0x1 ./app/src/task_system.o
 *fill*         0x2000005b        0x1 
 .data.running_save_tick_cnt
                0x2000005c        0x4 ./app/src/task_system.o
 .data.p_task_system
                0x20000060        0x4 ./app/src/task_system.o
                0x20000060                p_task_system
 .data.p_task_system_
                0x20000064        0x4 ./app/src/task_system.o
                0x20000064                p_task_system_
 .data.p_task_system__
                0x20000068        0x4 ./app/src/task_system.o
                0x20000068                p_task_system__
 .data._impure_ptr
                0x2000006c        0x4 C:/ST/STM32CubeIDE_1.19.0/STM32CubeIDE/plugins/com.st.stm32cube.ide.mcu.externaltools.gnu-tools-for-stm32.13.3.rel1.win32_1.0.0.202411081344/tools/bin/../lib/gcc/arm-none-eabi/13.3.1/../../../../arm-none-eabi/lib/thumb/v7-m/nofp\libc_nano.a(libc_a-impure.o)
                0x2000006c                _impure_ptr
 .data._impure_data
                0x20000070       0x4c C:/ST/STM32CubeIDE_1.19.0/STM32CubeIDE/plugins/com.st.stm32cube.ide.mcu.externaltools.gnu-tools-for-stm32.13.3.rel1.win32_1.0.0.202411081344/tools/bin/../lib/gcc/arm-none-eabi/13.3.1/../../../../arm-none-eabi/lib/thumb/v7-m/nofp\libc_nano.a(libc_a-impure.o)
                0x20000070                _impure_data
 *(.RamFunc)
 *(.RamFunc*)
                0x200000bc                        . = ALIGN (0x4)
                0x200000bc                        _edata = .

.igot.plt       0x200000bc        0x0 load address 0x08009858
 .igot.plt      0x200000bc        0x0 C:/ST/STM32CubeIDE_1.19.0/STM32CubeIDE/plugins/com.st.stm32cube.ide.mcu.externaltools.gnu-tools-for-stm32.13.3.rel1.win32_1.0.0.202411081344/tools/bin/../lib/gcc/arm-none-eabi/13.3.1/thumb/v7-m/nofp/crtbegin.o
                0x200000bc                        . = ALIGN (0x4)

.bss            0x200000bc      0x428 load address 0x08009858
                0x200000bc                        _sbss = .
                0x200000bc                        __bss_start__ = _sbss
 *(.bss)
 .bss           0x200000bc       0x1c C:/ST/STM32CubeIDE_1.19.0/STM32CubeIDE/plugins/com.st.stm32cube.ide.mcu.externaltools.gnu-tools-for-stm32.13.3.rel1.win32_1.0.0.202411081344/tools/bin/../lib/gcc/arm-none-eabi/13.3.1/thumb/v7-m/nofp/crtbegin.o
 *(.bss*)
 .bss.hi2c1     0x200000d8       0x54 ./Core/Src/main.o
                0x200000d8                hi2c1
 .bss.hi2c2     0x2000012c       0x54 ./Core/Src/main.o
                0x2000012c                hi2c2
 .bss.hrtc      0x20000180       0x14 ./Core/Src/main.o
                0x20000180                hrtc
 .bss.htim2     0x20000194       0x48 ./Core/Src/main.o
                0x20000194                htim2
 .bss.huart2    0x200001dc       0x48 ./Core/Src/main.o
                0x200001dc                huart2
 .bss.__sbrk_heap_end
                0x20000224        0x4 ./Core/Src/sysmem.o
 .bss.dpFunction
                0x20000228        0x1 ./Drivers/STM32F1xx_HAL_Driver/Src/liquidcrystal_i2c.o
                0x20000228                dpFunction
 .bss.dpControl
                0x20000229        0x1 ./Drivers/STM32F1xx_HAL_Driver/Src/liquidcrystal_i2c.o
                0x20000229                dpControl
 .bss.dpMode    0x2000022a        0x1 ./Drivers/STM32F1xx_HAL_Driver/Src/liquidcrystal_i2c.o
                0x2000022a                dpMode
 .bss.dpRows    0x2000022b        0x1 ./Drivers/STM32F1xx_HAL_Driver/Src/liquidcrystal_i2c.o
                0x2000022b                dpRows
 .bss.dpBacklight
                0x2000022c        0x1 ./Drivers/STM32F1xx_HAL_Driver/Src/liquidcrystal_i2c.o
                0x2000022c                dpBacklight
 *fill*         0x2000022d        0x3 
 .bss.uwTick    0x20000230        0x4 ./Drivers/STM32F1xx_HAL_Driver/Src/stm32f1xx_hal.o
                0x20000230                uwTick
 .bss.g_app_cnt
                0x20000234        0x4 ./app/src/app.o
                0x20000234                g_app_cnt
 .bss.g_app_runtime_us
                0x20000238        0x4 ./app/src/app.o
                0x20000238                g_app_runtime_us
 .bss.task_dta_list
                0x2000023c       0x50 ./app/src/app.o
                0x2000023c                task_dta_list
 .bss.g_app_tick_cnt
                0x2000028c        0x4 ./app/src/app_it.o
                0x2000028c                g_app_tick_cnt
 .bss.logger_msg_buffer_
                0x20000290       0x40 ./app/src/logger.o
 .bss.logger_msg_len
                0x200002d0        0x4 ./app/src/logger.o
                0x200002d0                logger_msg_len
 .bss.task_actuator_dta_list
                0x200002d4       0x18 ./app/src/task_actuator.o
                0x200002d4                task_actuator_dta_list
 .bss.task_display_dta
                0x200002ec       0x38 ./app/src/task_display.o
                0x200002ec                task_display_dta
 .bss.task_sensor_dta_list
                0x20000324       0x20 ./app/src/task_sensor.o
                0x20000324                task_sensor_dta_list
 .bss.task_sht30_dta
                0x20000344       0x14 ./app/src/task_sensor.o
                0x20000344                task_sht30_dta
 .bss.task_system_dta_list
                0x20000358        0x8 ./app/src/task_system.o
                0x20000358                task_system_dta_list
 .bss.cfg_hours
                0x20000360        0x1 ./app/src/task_system.o
 *fill*         0x20000361        0x3 
 .bss.incubation_target_seconds
                0x20000364        0x4 ./app/src/task_system.o
 .bss.incubation_tick_cnt
                0x20000368        0x4 ./app/src/task_system.o
 .bss.display_alt_cnt
                0x2000036c        0x1 ./app/src/task_system.o
 *fill*         0x2000036d        0x3 
 .bss.servo_tick_cnt
                0x20000370        0x4 ./app/src/task_system.o
 .bss.servo_pos_b
                0x20000374        0x1 ./app/src/task_system.o
 .bss.servo_active
                0x20000375        0x1 ./app/src/task_system.o
 .bss.heater_on
                0x20000376        0x1 ./app/src/task_system.o
 .bss.new_menu_cursor
                0x20000377        0x1 ./app/src/task_system.o
 .bss.recovered_running
                0x20000378        0x8 ./app/src/task_system.o
 .bss.event_task_system_queue
                0x20000380       0x1c ./app/src/task_system_interface.o
                0x20000380                event_task_system_queue
 .bss.__sf      0x2000039c      0x138 C:/ST/STM32CubeIDE_1.19.0/STM32CubeIDE/plugins/com.st.stm32cube.ide.mcu.externaltools.gnu-tools-for-stm32.13.3.rel1.win32_1.0.0.202411081344/tools/bin/../lib/gcc/arm-none-eabi/13.3.1/../../../../arm-none-eabi/lib/thumb/v7-m/nofp\libc_nano.a(libc_a-findfp.o)
                0x2000039c                __sf
 .bss.errno     0x200004d4        0x4 C:/ST/STM32CubeIDE_1.19.0/STM32CubeIDE/plugins/com.st.stm32cube.ide.mcu.externaltools.gnu-tools-for-stm32.13.3.rel1.win32_1.0.0.202411081344/tools/bin/../lib/gcc/arm-none-eabi/13.3.1/../../../../arm-none-eabi/lib/thumb/v7-m/nofp\libc_nano.a(libc_a-reent.o)
                0x200004d4                errno
 .bss.__lock___malloc_recursive_mutex
                0x200004d8        0x1 C:/ST/STM32CubeIDE_1.19.0/STM32CubeIDE/plugins/com.st.stm32cube.ide.mcu.externaltools.gnu-tools-for-stm32.13.3.rel1.win32_1.0.0.202411081344/tools/bin/../lib/gcc/arm-none-eabi/13.3.1/../../../../arm-none-eabi/lib/thumb/v7-m/nofp\libc_nano.a(libc_a-lock.o)
                0x200004d8                __lock___malloc_recursive_mutex
 *fill*         0x200004d9        0x3 
 .bss.__malloc_sbrk_start
                0x200004dc        0x4 C:/ST/STM32CubeIDE_1.19.0/STM32CubeIDE/plugins/com.st.stm32cube.ide.mcu.externaltools.gnu-tools-for-stm32.13.3.rel1.win32_1.0.0.202411081344/tools/bin/../lib/gcc/arm-none-eabi/13.3.1/../../../../arm-none-eabi/lib/thumb/v7-m/nofp\libc_nano.a(libc_a-mallocr.o)
                0x200004dc                __malloc_sbrk_start
 .bss.__malloc_free_list
                0x200004e0        0x4 C:/ST/STM32CubeIDE_1.19.0/STM32CubeIDE/plugins/com.st.stm32cube.ide.mcu.externaltools.gnu-tools-for-stm32.13.3.rel1.win32_1.0.0.202411081344/tools/bin/../lib/gcc/arm-none-eabi/13.3.1/../../../../arm-none-eabi/lib/thumb/v7-m/nofp\libc_nano.a(libc_a-mallocr.o)
                0x200004e0                __malloc_free_list
 *(COMMON)
                0x200004e4                        . = ALIGN (0x4)
                0x200004e4                        _ebss = .
                0x200004e4                        __bss_end__ = _ebss

._user_heap_stack
                0x200004e4      0x604 load address 0x08009858
                0x200004e8                        . = ALIGN (0x8)
 *fill*         0x200004e4        0x4 
                0x200004e8                        PROVIDE (end = .)
                0x200004e8                        PROVIDE (_end = .)
                0x200006e8                        . = (. + _Min_Heap_Size)
 *fill*         0x200004e8      0x200 
                0x20000ae8                        . = (. + _Min_Stack_Size)
 *fill*         0x200006e8      0x400 
                0x20000ae8                        . = ALIGN (0x8)

/DISCARD/
 libc.a(*)
 libm.a(*)
 libgcc.a(*)

.ARM.attributes
                0x00000000       0x29
 *(.ARM.attributes)
 .ARM.attributes
                0x00000000       0x1d C:/ST/STM32CubeIDE_1.19.0/STM32CubeIDE/plugins/com.st.stm32cube.ide.mcu.externaltools.gnu-tools-for-stm32.13.3.rel1.win32_1.0.0.202411081344/tools/bin/../lib/gcc/arm-none-eabi/13.3.1/thumb/v7-m/nofp/crti.o
 .ARM.attributes
                0x0000001d       0x2d C:/ST/STM32CubeIDE_1.19.0/STM32CubeIDE/plugins/com.st.stm32cube.ide.mcu.externaltools.gnu-tools-for-stm32.13.3.rel1.win32_1.0.0.202411081344/tools/bin/../lib/gcc/arm-none-eabi/13.3.1/thumb/v7-m/nofp/crtbegin.o
 .ARM.attributes
                0x0000004a       0x2d ./Core/Src/main.o
 .ARM.attributes
                0x00000077       0x2d ./Core/Src/stm32f1xx_hal_msp.o
 .ARM.attributes
                0x000000a4       0x2d ./Core/Src/stm32f1xx_it.o
 .ARM.attributes
                0x000000d1       0x2d ./Core/Src/sysmem.o
 .ARM.attributes
                0x000000fe       0x2d ./Core/Src/system_stm32f1xx.o
 .ARM.attributes
                0x0000012b       0x21 ./Core/Startup/startup_stm32f103rbtx.o
 .ARM.attributes
                0x0000014c       0x2d ./Drivers/STM32F1xx_HAL_Driver/Src/liquidcrystal_i2c.o
 .ARM.attributes
                0x00000179       0x2d ./Drivers/STM32F1xx_HAL_Driver/Src/stm32f1xx_hal.o
 .ARM.attributes
                0x000001a6       0x2d ./Drivers/STM32F1xx_HAL_Driver/Src/stm32f1xx_hal_cortex.o
 .ARM.attributes
                0x000001d3       0x2d ./Drivers/STM32F1xx_HAL_Driver/Src/stm32f1xx_hal_gpio.o
 .ARM.attributes
                0x00000200       0x2d ./Drivers/STM32F1xx_HAL_Driver/Src/stm32f1xx_hal_i2c.o
 .ARM.attributes
                0x0000022d       0x2d ./Drivers/STM32F1xx_HAL_Driver/Src/stm32f1xx_hal_pwr.o
 .ARM.attributes
                0x0000025a       0x2d ./Drivers/STM32F1xx_HAL_Driver/Src/stm32f1xx_hal_rcc.o
 .ARM.attributes
                0x00000287       0x2d ./Drivers/STM32F1xx_HAL_Driver/Src/stm32f1xx_hal_rcc_ex.o
 .ARM.attributes
                0x000002b4       0x2d ./Drivers/STM32F1xx_HAL_Driver/Src/stm32f1xx_hal_rtc.o
 .ARM.attributes
                0x000002e1       0x2d ./Drivers/STM32F1xx_HAL_Driver/Src/stm32f1xx_hal_tim.o
 .ARM.attributes
                0x0000030e       0x2d ./Drivers/STM32F1xx_HAL_Driver/Src/stm32f1xx_hal_tim_ex.o
 .ARM.attributes
                0x0000033b       0x2d ./Drivers/STM32F1xx_HAL_Driver/Src/stm32f1xx_hal_uart.o
 .ARM.attributes
                0x00000368       0x2d ./app/src/app.o
 .ARM.attributes
                0x00000395       0x2d ./app/src/app_it.o
 .ARM.attributes
                0x000003c2       0x2d ./app/src/logger.o
 .ARM.attributes
                0x000003ef       0x2d ./app/src/task_actuator.o
 .ARM.attributes
                0x0000041c       0x2d ./app/src/task_actuator_interface.o
 .ARM.attributes
                0x00000449       0x2d ./app/src/task_display.o
 .ARM.attributes
                0x00000476       0x2d ./app/src/task_display_interface.o
 .ARM.attributes
                0x000004a3       0x2d ./app/src/task_memory.o
 .ARM.attributes
                0x000004d0       0x2d ./app/src/task_sensor.o
 .ARM.attributes
                0x000004fd       0x2d ./app/src/task_system.o
 .ARM.attributes
                0x0000052a       0x2d ./app/src/task_system_interface.o
 .ARM.attributes
                0x00000557       0x2d C:/ST/STM32CubeIDE_1.19.0/STM32CubeIDE/plugins/com.st.stm32cube.ide.mcu.externaltools.gnu-tools-for-stm32.13.3.rel1.win32_1.0.0.202411081344/tools/bin/../lib/gcc/arm-none-eabi/13.3.1/../../../../arm-none-eabi/lib/thumb/v7-m/nofp\libc_nano.a(libc_a-findfp.o)
 .ARM.attributes
                0x00000584       0x2d C:/ST/STM32CubeIDE_1.19.0/STM32CubeIDE/plugins/com.st.stm32cube.ide.mcu.externaltools.gnu-tools-for-stm32.13.3.rel1.win32_1.0.0.202411081344/tools/bin/../lib/gcc/arm-none-eabi/13.3.1/../../../../arm-none-eabi/lib/thumb/v7-m/nofp\libc_nano.a(libc_a-snprintf.o)
 .ARM.attributes
                0x000005b1       0x2d C:/ST/STM32CubeIDE_1.19.0/STM32CubeIDE/plugins/com.st.stm32cube.ide.mcu.externaltools.gnu-tools-for-stm32.13.3.rel1.win32_1.0.0.202411081344/tools/bin/../lib/gcc/arm-none-eabi/13.3.1/../../../../arm-none-eabi/lib/thumb/v7-m/nofp\libc_nano.a(libc_a-memset.o)
 .ARM.attributes
                0x000005de       0x2d C:/ST/STM32CubeIDE_1.19.0/STM32CubeIDE/plugins/com.st.stm32cube.ide.mcu.externaltools.gnu-tools-for-stm32.13.3.rel1.win32_1.0.0.202411081344/tools/bin/../lib/gcc/arm-none-eabi/13.3.1/../../../../arm-none-eabi/lib/thumb/v7-m/nofp\libc_nano.a(libc_a-reent.o)
 .ARM.attributes
                0x0000060b       0x2d C:/ST/STM32CubeIDE_1.19.0/STM32CubeIDE/plugins/com.st.stm32cube.ide.mcu.externaltools.gnu-tools-for-stm32.13.3.rel1.win32_1.0.0.202411081344/tools/bin/../lib/gcc/arm-none-eabi/13.3.1/../../../../arm-none-eabi/lib/thumb/v7-m/nofp\libc_nano.a(libc_a-impure.o)
 .ARM.attributes
                0x00000638       0x2d C:/ST/STM32CubeIDE_1.19.0/STM32CubeIDE/plugins/com.st.stm32cube.ide.mcu.externaltools.gnu-tools-for-stm32.13.3.rel1.win32_1.0.0.202411081344/tools/bin/../lib/gcc/arm-none-eabi/13.3.1/../../../../arm-none-eabi/lib/thumb/v7-m/nofp\libc_nano.a(libc_a-errno.o)
 .ARM.attributes
                0x00000665       0x2d C:/ST/STM32CubeIDE_1.19.0/STM32CubeIDE/plugins/com.st.stm32cube.ide.mcu.externaltools.gnu-tools-for-stm32.13.3.rel1.win32_1.0.0.202411081344/tools/bin/../lib/gcc/arm-none-eabi/13.3.1/../../../../arm-none-eabi/lib/thumb/v7-m/nofp\libc_nano.a(libc_a-init.o)
 .ARM.attributes
                0x00000692       0x2d C:/ST/STM32CubeIDE_1.19.0/STM32CubeIDE/plugins/com.st.stm32cube.ide.mcu.externaltools.gnu-tools-for-stm32.13.3.rel1.win32_1.0.0.202411081344/tools/bin/../lib/gcc/arm-none-eabi/13.3.1/../../../../arm-none-eabi/lib/thumb/v7-m/nofp\libc_nano.a(libc_a-lock.o)
 .ARM.attributes
                0x000006bf       0x2d C:/ST/STM32CubeIDE_1.19.0/STM32CubeIDE/plugins/com.st.stm32cube.ide.mcu.externaltools.gnu-tools-for-stm32.13.3.rel1.win32_1.0.0.202411081344/tools/bin/../lib/gcc/arm-none-eabi/13.3.1/../../../../arm-none-eabi/lib/thumb/v7-m/nofp\libc_nano.a(libc_a-freer.o)
 .ARM.attributes
                0x000006ec       0x2d C:/ST/STM32CubeIDE_1.19.0/STM32CubeIDE/plugins/com.st.stm32cube.ide.mcu.externaltools.gnu-tools-for-stm32.13.3.rel1.win32_1.0.0.202411081344/tools/bin/../lib/gcc/arm-none-eabi/13.3.1/../../../../arm-none-eabi/lib/thumb/v7-m/nofp\libc_nano.a(libc_a-mallocr.o)
 .ARM.attributes
                0x00000719       0x2d C:/ST/STM32CubeIDE_1.19.0/STM32CubeIDE/plugins/com.st.stm32cube.ide.mcu.externaltools.gnu-tools-for-stm32.13.3.rel1.win32_1.0.0.202411081344/tools/bin/../lib/gcc/arm-none-eabi/13.3.1/../../../../arm-none-eabi/lib/thumb/v7-m/nofp\libc_nano.a(libc_a-mlock.o)
 .ARM.attributes
                0x00000746       0x2d C:/ST/STM32CubeIDE_1.19.0/STM32CubeIDE/plugins/com.st.stm32cube.ide.mcu.externaltools.gnu-tools-for-stm32.13.3.rel1.win32_1.0.0.202411081344/tools/bin/../lib/gcc/arm-none-eabi/13.3.1/../../../../arm-none-eabi/lib/thumb/v7-m/nofp\libc_nano.a(libc_a-nano-svfprintf.o)
 .ARM.attributes
                0x00000773       0x2d C:/ST/STM32CubeIDE_1.19.0/STM32CubeIDE/plugins/com.st.stm32cube.ide.mcu.externaltools.gnu-tools-for-stm32.13.3.rel1.win32_1.0.0.202411081344/tools/bin/../lib/gcc/arm-none-eabi/13.3.1/../../../../arm-none-eabi/lib/thumb/v7-m/nofp\libc_nano.a(libc_a-nano-vfprintf_i.o)
 .ARM.attributes
                0x000007a0       0x2d C:/ST/STM32CubeIDE_1.19.0/STM32CubeIDE/plugins/com.st.stm32cube.ide.mcu.externaltools.gnu-tools-for-stm32.13.3.rel1.win32_1.0.0.202411081344/tools/bin/../lib/gcc/arm-none-eabi/13.3.1/../../../../arm-none-eabi/lib/thumb/v7-m/nofp\libc_nano.a(libc_a-memmove.o)
 .ARM.attributes
                0x000007cd       0x2d C:/ST/STM32CubeIDE_1.19.0/STM32CubeIDE/plugins/com.st.stm32cube.ide.mcu.externaltools.gnu-tools-for-stm32.13.3.rel1.win32_1.0.0.202411081344/tools/bin/../lib/gcc/arm-none-eabi/13.3.1/../../../../arm-none-eabi/lib/thumb/v7-m/nofp\libc_nano.a(libc_a-sbrkr.o)
 .ARM.attributes
                0x000007fa       0x2d C:/ST/STM32CubeIDE_1.19.0/STM32CubeIDE/plugins/com.st.stm32cube.ide.mcu.externaltools.gnu-tools-for-stm32.13.3.rel1.win32_1.0.0.202411081344/tools/bin/../lib/gcc/arm-none-eabi/13.3.1/../../../../arm-none-eabi/lib/thumb/v7-m/nofp\libc_nano.a(libc_a-memchr-stub.o)
 .ARM.attributes
                0x00000827       0x2d C:/ST/STM32CubeIDE_1.19.0/STM32CubeIDE/plugins/com.st.stm32cube.ide.mcu.externaltools.gnu-tools-for-stm32.13.3.rel1.win32_1.0.0.202411081344/tools/bin/../lib/gcc/arm-none-eabi/13.3.1/../../../../arm-none-eabi/lib/thumb/v7-m/nofp\libc_nano.a(libc_a-memcpy-stub.o)
 .ARM.attributes
                0x00000854       0x2d C:/ST/STM32CubeIDE_1.19.0/STM32CubeIDE/plugins/com.st.stm32cube.ide.mcu.externaltools.gnu-tools-for-stm32.13.3.rel1.win32_1.0.0.202411081344/tools/bin/../lib/gcc/arm-none-eabi/13.3.1/../../../../arm-none-eabi/lib/thumb/v7-m/nofp\libc_nano.a(libc_a-reallocr.o)
 .ARM.attributes
                0x00000881       0x2d C:/ST/STM32CubeIDE_1.19.0/STM32CubeIDE/plugins/com.st.stm32cube.ide.mcu.externaltools.gnu-tools-for-stm32.13.3.rel1.win32_1.0.0.202411081344/tools/bin/../lib/gcc/arm-none-eabi/13.3.1/../../../../arm-none-eabi/lib/thumb/v7-m/nofp\libc_nano.a(libc_a-msizer.o)
 .ARM.attributes
                0x000008ae       0x1d C:/ST/STM32CubeIDE_1.19.0/STM32CubeIDE/plugins/com.st.stm32cube.ide.mcu.externaltools.gnu-tools-for-stm32.13.3.rel1.win32_1.0.0.202411081344/tools/bin/../lib/gcc/arm-none-eabi/13.3.1/thumb/v7-m/nofp\libgcc.a(_arm_addsubsf3.o)
 .ARM.attributes
                0x000008cb       0x1d C:/ST/STM32CubeIDE_1.19.0/STM32CubeIDE/plugins/com.st.stm32cube.ide.mcu.externaltools.gnu-tools-for-stm32.13.3.rel1.win32_1.0.0.202411081344/tools/bin/../lib/gcc/arm-none-eabi/13.3.1/thumb/v7-m/nofp\libgcc.a(_arm_muldivsf3.o)
 .ARM.attributes
                0x000008e8       0x1d C:/ST/STM32CubeIDE_1.19.0/STM32CubeIDE/plugins/com.st.stm32cube.ide.mcu.externaltools.gnu-tools-for-stm32.13.3.rel1.win32_1.0.0.202411081344/tools/bin/../lib/gcc/arm-none-eabi/13.3.1/thumb/v7-m/nofp\libgcc.a(_arm_cmpsf2.o)
 .ARM.attributes
                0x00000905       0x1d C:/ST/STM32CubeIDE_1.19.0/STM32CubeIDE/plugins/com.st.stm32cube.ide.mcu.externaltools.gnu-tools-for-stm32.13.3.rel1.win32_1.0.0.202411081344/tools/bin/../lib/gcc/arm-none-eabi/13.3.1/thumb/v7-m/nofp\libgcc.a(_arm_fixunssfsi.o)
 .ARM.attributes
                0x00000922       0x1d C:/ST/STM32CubeIDE_1.19.0/STM32CubeIDE/plugins/com.st.stm32cube.ide.mcu.externaltools.gnu-tools-for-stm32.13.3.rel1.win32_1.0.0.202411081344/tools/bin/../lib/gcc/arm-none-eabi/13.3.1/thumb/v7-m/nofp/crtn.o
OUTPUT(proof_menu.elf elf32-littlearm)
LOAD linker stubs
LOAD C:/ST/STM32CubeIDE_1.19.0/STM32CubeIDE/plugins/com.st.stm32cube.ide.mcu.externaltools.gnu-tools-for-stm32.13.3.rel1.win32_1.0.0.202411081344/tools/bin/../lib/gcc/arm-none-eabi/13.3.1/../../../../arm-none-eabi/lib/thumb/v7-m/nofp\libc.a
LOAD C:/ST/STM32CubeIDE_1.19.0/STM32CubeIDE/plugins/com.st.stm32cube.ide.mcu.externaltools.gnu-tools-for-stm32.13.3.rel1.win32_1.0.0.202411081344/tools/bin/../lib/gcc/arm-none-eabi/13.3.1/../../../../arm-none-eabi/lib/thumb/v7-m/nofp\libm.a
LOAD C:/ST/STM32CubeIDE_1.19.0/STM32CubeIDE/plugins/com.st.stm32cube.ide.mcu.externaltools.gnu-tools-for-stm32.13.3.rel1.win32_1.0.0.202411081344/tools/bin/../lib/gcc/arm-none-eabi/13.3.1/thumb/v7-m/nofp\libgcc.a

.debug_info     0x00000000    0x13b97
 .debug_info    0x00000000     0x14db ./Core/Src/main.o
 .debug_info    0x000014db     0x11b4 ./Core/Src/stm32f1xx_hal_msp.o
 .debug_info    0x0000268f      0x11a ./Core/Src/stm32f1xx_it.o
 .debug_info    0x000027a9      0x168 ./Core/Src/sysmem.o
 .debug_info    0x00002911      0x222 ./Core/Src/system_stm32f1xx.o
 .debug_info    0x00002b33       0x30 ./Core/Startup/startup_stm32f103rbtx.o
 .debug_info    0x00002b63      0xc1c ./Drivers/STM32F1xx_HAL_Driver/Src/liquidcrystal_i2c.o
 .debug_info    0x0000377f      0x704 ./Drivers/STM32F1xx_HAL_Driver/Src/stm32f1xx_hal.o
 .debug_info    0x00003e83      0xa87 ./Drivers/STM32F1xx_HAL_Driver/Src/stm32f1xx_hal_cortex.o
 .debug_info    0x0000490a      0x5ab ./Drivers/STM32F1xx_HAL_Driver/Src/stm32f1xx_hal_gpio.o
 .debug_info    0x00004eb5     0x2524 ./Drivers/STM32F1xx_HAL_Driver/Src/stm32f1xx_hal_i2c.o
 .debug_info    0x000073d9      0x628 ./Drivers/STM32F1xx_HAL_Driver/Src/stm32f1xx_hal_pwr.o
 .debug_info    0x00007a01      0x7d5 ./Drivers/STM32F1xx_HAL_Driver/Src/stm32f1xx_hal_rcc.o
 .debug_info    0x000081d6      0x3c0 ./Drivers/STM32F1xx_HAL_Driver/Src/stm32f1xx_hal_rcc_ex.o
 .debug_info    0x00008596      0xc73 ./Drivers/STM32F1xx_HAL_Driver/Src/stm32f1xx_hal_rtc.o
 .debug_info    0x00009209     0x2959 ./Drivers/STM32F1xx_HAL_Driver/Src/stm32f1xx_hal_tim.o
 .debug_info    0x0000bb62     0x149b ./Drivers/STM32F1xx_HAL_Driver/Src/stm32f1xx_hal_tim_ex.o
 .debug_info    0x0000cffd     0x2eed ./Drivers/STM32F1xx_HAL_Driver/Src/stm32f1xx_hal_uart.o
 .debug_info    0x0000feea      0x538 ./app/src/app.o
 .debug_info    0x00010422      0x10c ./app/src/app_it.o
 .debug_info    0x0001052e       0xfe ./app/src/logger.o
 .debug_info    0x0001062c      0xac5 ./app/src/task_actuator.o
 .debug_info    0x000110f1      0x1f8 ./app/src/task_actuator_interface.o
 .debug_info    0x000112e9      0x35a ./app/src/task_display.o
 .debug_info    0x00011643      0x1e1 ./app/src/task_display_interface.o
 .debug_info    0x00011824      0x9ff ./app/src/task_memory.o
 .debug_info    0x00012223      0xba5 ./app/src/task_sensor.o
 .debug_info    0x00012dc8      0xc06 ./app/src/task_system.o
 .debug_info    0x000139ce      0x1c9 ./app/src/task_system_interface.o

.debug_abbrev   0x00000000     0x3661
 .debug_abbrev  0x00000000      0x2b1 ./Core/Src/main.o
 .debug_abbrev  0x000002b1      0x24a ./Core/Src/stm32f1xx_hal_msp.o
 .debug_abbrev  0x000004fb       0x74 ./Core/Src/stm32f1xx_it.o
 .debug_abbrev  0x0000056f       0xbc ./Core/Src/sysmem.o
 .debug_abbrev  0x0000062b      0x13f ./Core/Src/system_stm32f1xx.o
 .debug_abbrev  0x0000076a       0x24 ./Core/Startup/startup_stm32f103rbtx.o
 .debug_abbrev  0x0000078e      0x2cb ./Drivers/STM32F1xx_HAL_Driver/Src/liquidcrystal_i2c.o
 .debug_abbrev  0x00000a59      0x201 ./Drivers/STM32F1xx_HAL_Driver/Src/stm32f1xx_hal.o
 .debug_abbrev  0x00000c5a      0x2f8 ./Drivers/STM32F1xx_HAL_Driver/Src/stm32f1xx_hal_cortex.o
 .debug_abbrev  0x00000f52      0x1ca ./Drivers/STM32F1xx_HAL_Driver/Src/stm32f1xx_hal_gpio.o
 .debug_abbrev  0x0000111c      0x2a3 ./Drivers/STM32F1xx_HAL_Driver/Src/stm32f1xx_hal_i2c.o
 .debug_abbrev  0x000013bf      0x1f6 ./Drivers/STM32F1xx_HAL_Driver/Src/stm32f1xx_hal_pwr.o
 .debug_abbrev  0x000015b5      0x2b3 ./Drivers/STM32F1xx_HAL_Driver/Src/stm32f1xx_hal_rcc.o
 .debug_abbrev  0x00001868      0x188 ./Drivers/STM32F1xx_HAL_Driver/Src/stm32f1xx_hal_rcc_ex.o
 .debug_abbrev  0x000019f0      0x23a ./Drivers/STM32F1xx_HAL_Driver/Src/stm32f1xx_hal_rtc.o
 .debug_abbrev  0x00001c2a      0x277 ./Drivers/STM32F1xx_HAL_Driver/Src/stm32f1xx_hal_tim.o
 .debug_abbrev  0x00001ea1      0x282 ./Drivers/STM32F1xx_HAL_Driver/Src/stm32f1xx_hal_tim_ex.o
 .debug_abbrev  0x00002123      0x2f8 ./Drivers/STM32F1xx_HAL_Driver/Src/stm32f1xx_hal_uart.o
 .debug_abbrev  0x0000241b      0x1cf ./app/src/app.o
 .debug_abbrev  0x000025ea       0x9c ./app/src/app_it.o
 .debug_abbrev  0x00002686       0xad ./app/src/logger.o
 .debug_abbrev  0x00002733      0x244 ./app/src/task_actuator.o
 .debug_abbrev  0x00002977       0xe7 ./app/src/task_actuator_interface.o
 .debug_abbrev  0x00002a5e      0x1ad ./app/src/task_display.o
 .debug_abbrev  0x00002c0b      0x104 ./app/src/task_display_interface.o
 .debug_abbrev  0x00002d0f      0x293 ./app/src/task_memory.o
 .debug_abbrev  0x00002fa2      0x291 ./app/src/task_sensor.o
 .debug_abbrev  0x00003233      0x2f0 ./app/src/task_system.o
 .debug_abbrev  0x00003523      0x13e ./app/src/task_system_interface.o

.debug_aranges  0x00000000     0x13a8
 .debug_aranges
                0x00000000       0x60 ./Core/Src/main.o
 .debug_aranges
                0x00000060       0x68 ./Core/Src/stm32f1xx_hal_msp.o
 .debug_aranges
                0x000000c8       0x60 ./Core/Src/stm32f1xx_it.o
 .debug_aranges
                0x00000128       0x20 ./Core/Src/sysmem.o
 .debug_aranges
                0x00000148       0x28 ./Core/Src/system_stm32f1xx.o
 .debug_aranges
                0x00000170       0x28 ./Core/Startup/startup_stm32f103rbtx.o
 .debug_aranges
                0x00000198      0x110 ./Drivers/STM32F1xx_HAL_Driver/Src/liquidcrystal_i2c.o
 .debug_aranges
                0x000002a8       0xe0 ./Drivers/STM32F1xx_HAL_Driver/Src/stm32f1xx_hal.o
 .debug_aranges
                0x00000388      0x100 ./Drivers/STM32F1xx_HAL_Driver/Src/stm32f1xx_hal_cortex.o
 .debug_aranges
                0x00000488       0x58 ./Drivers/STM32F1xx_HAL_Driver/Src/stm32f1xx_hal_gpio.o
 .debug_aranges
                0x000004e0      0x2a8 ./Drivers/STM32F1xx_HAL_Driver/Src/stm32f1xx_hal_i2c.o
 .debug_aranges
                0x00000788       0xa8 ./Drivers/STM32F1xx_HAL_Driver/Src/stm32f1xx_hal_pwr.o
 .debug_aranges
                0x00000830       0x90 ./Drivers/STM32F1xx_HAL_Driver/Src/stm32f1xx_hal_rcc.o
 .debug_aranges
                0x000008c0       0x30 ./Drivers/STM32F1xx_HAL_Driver/Src/stm32f1xx_hal_rcc_ex.o
 .debug_aranges
                0x000008f0       0xf8 ./Drivers/STM32F1xx_HAL_Driver/Src/stm32f1xx_hal_rtc.o
 .debug_aranges
                0x000009e8      0x3d0 ./Drivers/STM32F1xx_HAL_Driver/Src/stm32f1xx_hal_tim.o
 .debug_aranges
                0x00000db8      0x168 ./Drivers/STM32F1xx_HAL_Driver/Src/stm32f1xx_hal_tim_ex.o
 .debug_aranges
                0x00000f20      0x208 ./Drivers/STM32F1xx_HAL_Driver/Src/stm32f1xx_hal_uart.o
 .debug_aranges
                0x00001128       0x28 ./app/src/app.o
 .debug_aranges
                0x00001150       0x30 ./app/src/app_it.o
 .debug_aranges
                0x00001180       0x20 ./app/src/logger.o
 .debug_aranges
                0x000011a0       0x30 ./app/src/task_actuator.o
 .debug_aranges
                0x000011d0       0x20 ./app/src/task_actuator_interface.o
 .debug_aranges
                0x000011f0       0x30 ./app/src/task_display.o
 .debug_aranges
                0x00001220       0x20 ./app/src/task_display_interface.o
 .debug_aranges
                0x00001240       0x68 ./app/src/task_memory.o
 .debug_aranges
                0x000012a8       0x38 ./app/src/task_sensor.o
 .debug_aranges
                0x000012e0       0x90 ./app/src/task_system.o
 .debug_aranges
                0x00001370       0x38 ./app/src/task_system_interface.o

.debug_rnglists
                0x00000000      0xf3c
 .debug_rnglists
                0x00000000       0x47 ./Core/Src/main.o
 .debug_rnglists
                0x00000047       0x4b ./Core/Src/stm32f1xx_hal_msp.o
 .debug_rnglists
                0x00000092       0x43 ./Core/Src/stm32f1xx_it.o
 .debug_rnglists
                0x000000d5       0x13 ./Core/Src/sysmem.o
 .debug_rnglists
                0x000000e8       0x1a ./Core/Src/system_stm32f1xx.o
 .debug_rnglists
                0x00000102       0x19 ./Core/Startup/startup_stm32f103rbtx.o
 .debug_rnglists
                0x0000011b       0xc8 ./Drivers/STM32F1xx_HAL_Driver/Src/liquidcrystal_i2c.o
 .debug_rnglists
                0x000001e3       0xa3 ./Drivers/STM32F1xx_HAL_Driver/Src/stm32f1xx_hal.o
 .debug_rnglists
                0x00000286       0xbb ./Drivers/STM32F1xx_HAL_Driver/Src/stm32f1xx_hal_cortex.o
 .debug_rnglists
                0x00000341       0x3f ./Drivers/STM32F1xx_HAL_Driver/Src/stm32f1xx_hal_gpio.o
 .debug_rnglists
                0x00000380      0x23c ./Drivers/STM32F1xx_HAL_Driver/Src/stm32f1xx_hal_i2c.o
 .debug_rnglists
                0x000005bc       0x7a ./Drivers/STM32F1xx_HAL_Driver/Src/stm32f1xx_hal_pwr.o
 .debug_rnglists
                0x00000636       0x6c ./Drivers/STM32F1xx_HAL_Driver/Src/stm32f1xx_hal_rcc.o
 .debug_rnglists
                0x000006a2       0x21 ./Drivers/STM32F1xx_HAL_Driver/Src/stm32f1xx_hal_rcc_ex.o
 .debug_rnglists
                0x000006c3       0xc1 ./Drivers/STM32F1xx_HAL_Driver/Src/stm32f1xx_hal_rtc.o
 .debug_rnglists
                0x00000784      0x31a ./Drivers/STM32F1xx_HAL_Driver/Src/stm32f1xx_hal_tim.o
 .debug_rnglists
                0x00000a9e      0x125 ./Drivers/STM32F1xx_HAL_Driver/Src/stm32f1xx_hal_tim_ex.o
 .debug_rnglists
                0x00000bc3      0x1bc ./Drivers/STM32F1xx_HAL_Driver/Src/stm32f1xx_hal_uart.o
 .debug_rnglists
                0x00000d7f       0x1b ./app/src/app.o
 .debug_rnglists
                0x00000d9a       0x1f ./app/src/app_it.o
 .debug_rnglists
                0x00000db9       0x13 ./app/src/logger.o
 .debug_rnglists
                0x00000dcc       0x21 ./app/src/task_actuator.o
 .debug_rnglists
                0x00000ded       0x13 ./app/src/task_actuator_interface.o
 .debug_rnglists
                0x00000e00       0x21 ./app/src/task_display.o
 .debug_rnglists
                0x00000e21       0x13 ./app/src/task_display_interface.o
 .debug_rnglists
                0x00000e34       0x4d ./app/src/task_memory.o
 .debug_rnglists
                0x00000e81       0x28 ./app/src/task_sensor.o
 .debug_rnglists
                0x00000ea9       0x6e ./app/src/task_system.o
 .debug_rnglists
                0x00000f17       0x25 ./app/src/task_system_interface.o

.debug_macro    0x00000000    0x1b3e4
 .debug_macro   0x00000000      0x30c ./Core/Src/main.o
 .debug_macro   0x0000030c      0xacc ./Core/Src/main.o
 .debug_macro   0x00000dd8      0x227 ./Core/Src/main.o
 .debug_macro   0x00000fff       0x2e ./Core/Src/main.o
 .debug_macro   0x0000102d       0x22 ./Core/Src/main.o
 .debug_macro   0x0000104f       0x22 ./Core/Src/main.o
 .debug_macro   0x00001071       0x8e ./Core/Src/main.o
 .debug_macro   0x000010ff       0x51 ./Core/Src/main.o
 .debug_macro   0x00001150      0x103 ./Core/Src/main.o
 .debug_macro   0x00001253       0x6a ./Core/Src/main.o
 .debug_macro   0x000012bd      0x1df ./Core/Src/main.o
 .debug_macro   0x0000149c       0x1c ./Core/Src/main.o
 .debug_macro   0x000014b8       0x22 ./Core/Src/main.o
 .debug_macro   0x000014da       0xbd ./Core/Src/main.o
 .debug_macro   0x00001597      0xd23 ./Core/Src/main.o
 .debug_macro   0x000022ba     0xe09e ./Core/Src/main.o
 .debug_macro   0x00010358       0x6d ./Core/Src/main.o
 .debug_macro   0x000103c5     0x34a2 ./Core/Src/main.o
 .debug_macro   0x00013867      0x190 ./Core/Src/main.o
 .debug_macro   0x000139f7       0x5c ./Core/Src/main.o
 .debug_macro   0x00013a53      0x5bc ./Core/Src/main.o
 .debug_macro   0x0001400f      0x289 ./Core/Src/main.o
 .debug_macro   0x00014298      0x1cb ./Core/Src/main.o
 .debug_macro   0x00014463      0x114 ./Core/Src/main.o
 .debug_macro   0x00014577      0x1b2 ./Core/Src/main.o
 .debug_macro   0x00014729       0x27 ./Core/Src/main.o
 .debug_macro   0x00014750      0x136 ./Core/Src/main.o
 .debug_macro   0x00014886      0x1bc ./Core/Src/main.o
 .debug_macro   0x00014a42       0x34 ./Core/Src/main.o
 .debug_macro   0x00014a76       0x3c ./Core/Src/main.o
 .debug_macro   0x00014ab2       0x57 ./Core/Src/main.o
 .debug_macro   0x00014b09       0x87 ./Core/Src/main.o
 .debug_macro   0x00014b90      0x240 ./Core/Src/main.o
 .debug_macro   0x00014dd0      0x287 ./Core/Src/main.o
 .debug_macro   0x00015057      0x140 ./Core/Src/main.o
 .debug_macro   0x00015197      0x1ef ./Core/Src/main.o
 .debug_macro   0x00015386       0xeb ./Core/Src/main.o
 .debug_macro   0x00015471      0x8ed ./Core/Src/main.o
 .debug_macro   0x00015d5e      0x28e ./Core/Src/main.o
 .debug_macro   0x00015fec       0x83 ./Core/Src/main.o
 .debug_macro   0x0001606f       0xa0 ./Core/Src/main.o
 .debug_macro   0x0001610f       0x61 ./Core/Src/main.o
 .debug_macro   0x00016170       0x24 ./Core/Src/main.o
 .debug_macro   0x00016194       0x43 ./Core/Src/main.o
 .debug_macro   0x000161d7       0x34 ./Core/Src/main.o
 .debug_macro   0x0001620b       0x16 ./Core/Src/main.o
 .debug_macro   0x00016221       0x3c ./Core/Src/main.o
 .debug_macro   0x0001625d      0x370 ./Core/Src/main.o
 .debug_macro   0x000165cd       0x10 ./Core/Src/main.o
 .debug_macro   0x000165dd       0x16 ./Core/Src/main.o
 .debug_macro   0x000165f3       0x4a ./Core/Src/main.o
 .debug_macro   0x0001663d       0x34 ./Core/Src/main.o
 .debug_macro   0x00016671       0x10 ./Core/Src/main.o
 .debug_macro   0x00016681       0x58 ./Core/Src/main.o
 .debug_macro   0x000166d9       0x8e ./Core/Src/main.o
 .debug_macro   0x00016767       0x1c ./Core/Src/main.o
 .debug_macro   0x00016783      0x185 ./Core/Src/main.o
 .debug_macro   0x00016908       0x16 ./Core/Src/main.o
 .debug_macro   0x0001691e       0x16 ./Core/Src/main.o
 .debug_macro   0x00016934      0x146 ./Core/Src/main.o
 .debug_macro   0x00016a7a       0x22 ./Core/Src/main.o
 .debug_macro   0x00016a9c       0x16 ./Core/Src/main.o
 .debug_macro   0x00016ab2       0x20 ./Core/Src/main.o
 .debug_macro   0x00016ad2       0x28 ./Core/Src/main.o
 .debug_macro   0x00016afa       0x22 ./Core/Src/main.o
 .debug_macro   0x00016b1c       0xd0 ./Core/Src/main.o
 .debug_macro   0x00016bec      0x1d0 ./Core/Src/stm32f1xx_hal_msp.o
 .debug_macro   0x00016dbc      0x1da ./Core/Src/stm32f1xx_it.o
 .debug_macro   0x00016f96      0x112 ./Core/Src/sysmem.o
 .debug_macro   0x000170a8       0x10 ./Core/Src/sysmem.o
 .debug_macro   0x000170b8       0x5b ./Core/Src/sysmem.o
 .debug_macro   0x00017113       0x94 ./Core/Src/sysmem.o
 .debug_macro   0x000171a7       0x57 ./Core/Src/sysmem.o
 .debug_macro   0x000171fe      0x23c ./Core/Src/sysmem.o
 .debug_macro   0x0001743a      0x1c1 ./Core/Src/system_stm32f1xx.o
 .debug_macro   0x000175fb      0x1d0 ./Drivers/STM32F1xx_HAL_Driver/Src/liquidcrystal_i2c.o
 .debug_macro   0x000177cb      0x1e5 ./Drivers/STM32F1xx_HAL_Driver/Src/stm32f1xx_hal.o
 .debug_macro   0x000179b0      0x1c1 ./Drivers/STM32F1xx_HAL_Driver/Src/stm32f1xx_hal_cortex.o
 .debug_macro   0x00017b71      0x22c ./Drivers/STM32F1xx_HAL_Driver/Src/stm32f1xx_hal_gpio.o
 .debug_macro   0x00017d9d      0x20f ./Drivers/STM32F1xx_HAL_Driver/Src/stm32f1xx_hal_i2c.o
 .debug_macro   0x00017fac      0x221 ./Drivers/STM32F1xx_HAL_Driver/Src/stm32f1xx_hal_pwr.o
 .debug_macro   0x000181cd      0x1d3 ./Drivers/STM32F1xx_HAL_Driver/Src/stm32f1xx_hal_rcc.o
 .debug_macro   0x000183a0      0x1c1 ./Drivers/STM32F1xx_HAL_Driver/Src/stm32f1xx_hal_rcc_ex.o
 .debug_macro   0x00018561      0x1d0 ./Drivers/STM32F1xx_HAL_Driver/Src/stm32f1xx_hal_rtc.o
 .debug_macro   0x00018731      0x1c2 ./Drivers/STM32F1xx_HAL_Driver/Src/stm32f1xx_hal_tim.o
 .debug_macro   0x000188f3      0x1c1 ./Drivers/STM32F1xx_HAL_Driver/Src/stm32f1xx_hal_tim_ex.o
 .debug_macro   0x00018ab4      0x1c2 ./Drivers/STM32F1xx_HAL_Driver/Src/stm32f1xx_hal_uart.o
 .debug_macro   0x00018c76      0x376 ./app/src/app.o
 .debug_macro   0x00018fec       0xca ./app/src/app.o
 .debug_macro   0x000190b6       0x40 ./app/src/app.o
 .debug_macro   0x000190f6      0x303 ./app/src/app_it.o
 .debug_macro   0x000193f9      0x2e4 ./app/src/logger.o
 .debug_macro   0x000196dd       0x9e ./app/src/logger.o
 .debug_macro   0x0001977b      0x112 ./app/src/logger.o
 .debug_macro   0x0001988d       0x56 ./app/src/logger.o
 .debug_macro   0x000198e3       0x2e ./app/src/logger.o
 .debug_macro   0x00019911      0x356 ./app/src/task_actuator.o