../app/src/task_system.c:176:6:task_system_init	64	static,ignoring_inline_asm
../app/src/task_system.c:218:6:task_system_update	16	static
../app/src/task_system.c:226:13:display_main_new	8	static
../app/src/task_system.c:232:13:display_main_cont	8	static
../app/src/task_system.c:241:13:display_new_menu	48	static
../app/src/task_system.c:271:13:display_set_temp	32	static
../app/src/task_system.c:279:13:display_set_hum	32	static
../app/src/task_system.c:287:13:display_set_days	32	static
../app/src/task_system.c:295:13:display_set_hours	32	static
../app/src/task_system.c:304:17:rtc_get_seconds	16	static
../app/src/task_system.c:317:13:incubation_start	16	static
../app/src/task_system.c:342:13:display_incubating	64	static
../app/src/task_system.c:386:13:display_last_data	48	static
../app/src/task_system.c:408:13:incubation_run_common	48	static
../app/src/task_system.c:533:13:task_system_statechart	24	static
