../app/src/task_system.c:167:6:task_system_init	64	static,ignoring_inline_asm
../app/src/task_system.c:209:6:task_system_update	16	static
../app/src/task_system.c:217:13:display_main_new	8	static
../app/src/task_system.c:223:13:display_main_cont	8	static
../app/src/task_system.c:232:13:display_new_menu	48	static
../app/src/task_system.c:262:13:display_set_temp	32	static
../app/src/task_system.c:270:13:display_set_hum	32	static
../app/src/task_system.c:278:13:display_set_days	32	static
../app/src/task_system.c:286:13:display_set_hours	32	static
../app/src/task_system.c:295:17:rtc_get_seconds	16	static
../app/src/task_system.c:308:13:incubation_start	16	static
../app/src/task_system.c:330:13:display_incubating	64	static
../app/src/task_system.c:374:13:display_last_data	48	static
../app/src/task_system.c:396:13:incubation_run_common	48	static
../app/src/task_system.c:501:13:task_system_statechart	24	static
